******************************************************************************
                  TI ARM Linker Unix v16.9.1                   
******************************************************************************
>> Linked Mon Apr 10 14:57:31 2017

OUTPUT FILE NAME:   <sensorNode.out>
ENTRY POINT SYMBOL: "ResetISR"  address: 00009a79


MEMORY CONFIGURATION

         name            origin    length      used     unused   attr    fill
----------------------  --------  ---------  --------  --------  ----  --------
  FLASH                 00000000   00020000  00012415  0000dbeb  R  X
  SRAM                  20000000   00005000  00004234  00000dcc  RW X


SEGMENT ALLOCATION MAP

run origin  load origin   length   init length attrs members
----------  ----------- ---------- ----------- ----- -------
00000000    00000000    000123c0   000123c0    r-x
  00000000    00000000    0000003c   0000003c    r-- .resetVecs
  0000003c    0000003c    0000c01c   0000c01c    r-x .text
  0000c058    0000c058    00005f8d   00005f8d    r-- .const
  00011fe8    00011fe8    000003d8   000003d8    r-- .cinit
0001ffa8    0001ffa8    00000058   00000058    r--
  0001ffa8    0001ffa8    00000058   00000058    r-- .ccfg
200000c8    200000c8    000020a4   00000000    rw-
  200000c8    200000c8    000020a4   00000000    rw- .bss
20002170    20002170    00001000   00000000    r--
  20002170    20002170    00001000   00000000    r-- .priheap
20003170    20003170    00000cc8   00000000    rw-
  20003170    20003170    00000cc8   00000000    rw- .data
20004c00    20004c00    00000400   00000000    rw-
  20004c00    20004c00    00000400   00000000    rw- .stack


SECTION ALLOCATION MAP

 output                                  attributes/
section   page    origin      length       input sections
--------  ----  ----------  ----------   ----------------
.text      0    0000003c    0000c01c     
                  0000003c    00000434     rf_multiMode_cc13x0.aem3 : RFCC26XX_multiMode.oem3 (.text:fsmActiveState)
                  00000470    00000424     sysbios.aem3 : BIOS.obj (.text:ti_sysbios_family_arm_m3_Hwi_excDumpRegs__I)
                  00000894    00000350     ti.targets.arm.rtsarm.aem3 : System.oem3 (.text:xdc_runtime_System_doPrint__I)
                  00000be4    00000348     EasyLink.obj (.text:EasyLink_init)
                  00000f2c    00000324     rtsv7M3_T_le_eabi.lib : trgdrv.obj (.text)
                  00001250    0000030c     drivers_cc13x0.aem3 : PowerCC26XX_calibrateRCOSC.oem3 (.text:PowerCC26XX_auxISR)
                  0000155c    00000278     sysbios.aem3 : BIOS.obj (.text:ti_sysbios_knl_Semaphore_pend__E)
                  000017d4    00000258     EasyLink.obj (.text:EasyLink_receive)
                  00001a2c    0000023c     sysbios.aem3 : BIOS.obj (.text:ti_sysbios_heaps_HeapMem_freeUnprotected__E)
                  00001c68    00000228     driverlib.lib : sys_ctrl.obj (.text:NOROM_SysCtrlSetRechargeBeforePowerDown)
                  00001e90    00000228     drivers_cc13x0.aem3 : PowerCC26XX.oem3 (.text:Power_sleep)
                  000020b8    000001f4     rtsv7M3_T_le_eabi.lib : ull_div_t2.obj (.text)
                  000022ac    000001f4     sysbios.aem3 : BIOS.obj (.text:ti_sysbios_heaps_HeapMem_allocUnprotected__E)
                  000024a0    000001f0                  : BIOS.obj (.text:ti_sysbios_knl_Task_Instance_finalize__E)
                  00002690    000001b8                  : BIOS.obj (.text:ti_sysbios_knl_Task_Instance_init__E)
                  00002848    000001b4     drivers_cc13x0.aem3 : PINCC26XX.oem3 (.text:PIN_init)
                  000029fc    000001a8     sysbios.aem3 : BIOS.obj (.text:ti_sysbios_knl_Task_sleep__E)
                  00002ba4    000001a4     EasyLink.obj (.text:EasyLink_setRfPwr)
                  00002d48    000001a4     rf_multiMode_cc13x0.aem3 : RFCC26XX_multiMode.oem3 (.text:fsmSetupState)
                  00002eec    00000198     drivers_cc13x0.aem3 : PowerCC26XX_calibrateRCOSC.oem3 (.text:PowerCC26XX_doCalibrate)
                  00003084    00000178                         : I2CCC26XX.oem3 (.text:I2CCC26XX_open)
                  000031fc    0000016c     sysbios.aem3 : BIOS.obj (.text:ti_sysbios_family_arm_m3_Hwi_excBusFault__I)
                  00003368    00000158     rf_multiMode_cc13x0.aem3 : RFCC26XX_multiMode.oem3 (.text:RF_postCmd)
                  000034c0    00000158     sysbios.aem3 : BIOS.obj (.text:ti_sysbios_family_arm_m3_Hwi_excUsageFault__I)
                  00003618    00000154     rf_multiMode_cc13x0.aem3 : RFCC26XX_multiMode.oem3 (.text:radioOpDoneCb)
                  0000376c    00000150                              : RFCC26XX_multiMode.oem3 (.text:fsmChangePhyState)
                  000038bc    00000150     smartrf_settings_predefined.obj (.text:rf_patch_mce_genook)
                  00003a0c    00000140     sysbios.aem3 : BIOS.obj (.text:ti_sysbios_family_arm_m3_Hwi_excMemFault__I)
                  00003b4c    0000013c     EasyLink.obj (.text:EasyLink_transmit)
                  00003c88    00000138     sysbios.aem3 : BIOS.obj (.text:ti_sysbios_heaps_HeapMem_Instance_init__E)
                  00003dc0    00000134     drivers_cc13x0.aem3 : PowerCC26XX.oem3 (.text:Power_init)
                  00003ef4    00000134     mesh.obj (.text:createChildAddress)
                  00004028    00000130     driverlib.lib : setup_rom.obj (.text:NOROM_SetupAfterColdResetWakeupFromShutDownCfg3)
                  00004158    00000130     rf_multiMode_cc13x0.aem3 : RFCC26XX_multiMode.oem3 (.text:rf_init)
                  00004288    00000130     sysbios.aem3 : BIOS.obj (.text:ti_sysbios_knl_Semaphore_post__E)
                  000043b8    00000130     ti.targets.arm.rtsarm.aem3 : Error.oem3 (.text:xdc_runtime_Error_policyDefault__E)
                  000044e8    00000128     rf_multiMode_cc13x0.aem3 : RFCC26XX_multiMode.oem3 (.text:fsmPowerUpState)
                  00004610    00000128     mesh.obj (.text:pingParentFnx)
                  00004738    00000128     smartrf_settings.obj (.text:rf_patch_rfe_genfsk)
                  00004860    00000128     smartrf_settings_predefined.obj (.text:rf_patch_rfe_genfsk)
                  00004988    00000128     smartrf_settings_predefined.obj (.text:rf_patch_rfe_lrm)
                  00004ab0    00000118     sysbios.aem3 : BIOS.obj (.text:ti_sysbios_family_arm_m3_Hwi_dispatchC__I)
                  00004bc8    00000114     smartrf_settings_predefined.obj (.text:rf_patch_mce_hsp_4mbps)
                  00004cdc    00000110     drivers_cc13x0.aem3 : I2CCC26XX.oem3 (.text:I2CCC26XX_hwiFxn)
                  00004dec    00000110     rf_multiMode_cc13x0.aem3 : RFCC26XX_multiMode.oem3 (.text:RF_close)
                  00004efc    00000110     sysbios.aem3 : BIOS.obj (.text:ti_sysbios_knl_Swi_run__I)
                  0000500c    0000010c     rf_multiMode_cc13x0.aem3 : RFCC26XX_multiMode.oem3 (.text:RF_open)
                  00005118    0000010c                              : RFCC26XX_multiMode.oem3 (.text:hwiFxnCpe0Active)
                  00005224    00000108     sysbios.aem3 : BIOS.obj (.text:ti_sysbios_knl_Clock_Instance_init__E)
                  0000532c    000000fc                  : BIOS.obj (.text:ti_sysbios_family_arm_m3_Hwi_excFillContext__I)
                  00005428    000000f8     ti.targets.arm.rtsarm.aem3 : Startup.oem3 (.text:xdc_runtime_Startup_startMods__I)
                  00005520    000000f8     uartlogging_pem3.oem3 (.text:xdc_runtime_System_printfExtend__I)
                  00005618    000000f0     drivers_cc13x0.aem3 : GPIOCC26XX.oem3 (.text:GPIO_setConfig)
                  00005708    000000f0     driverlib.lib : setup_rom.obj (.text:NOROM_SetupAfterColdResetWakeupFromShutDownCfg2)
                  000057f8    000000ec     sysbios.aem3 : BIOS.obj (.text:ti_sysbios_family_arm_m3_Hwi_excHandlerMax__I)
                  000058e4    000000ec     uartlogging_pem3.oem3 (.text:ti_uia_sysbios_LoggerIdle_write__I)
                  000059d0    000000e8     ti.targets.arm.rtsarm.aem3 : Core-mem.oem3 (.text:xdc_runtime_Core_createObject__I)
                  00005ab8    000000dc     drivers_cc13x0.aem3 : PINCC26XX.oem3 (.text:PINCC26XX_setIoCfg)
                  00005b94    000000d8     EasyLink.obj (.text:EasyLink_enableRxAddrFilter)
                  00005c6c    000000d8     driverlib.lib : rfc.obj (.text:NOROM_RFCRTrim)
                  00005d44    000000d8     smartrf_settings_predefined.obj (.text:rf_patch_rfe_genook)
                  00005e1c    000000d8     smartrf_settings_predefined.obj (.text:rf_patch_rfe_hsp_4mbps)
                  00005ef4    000000d8     sysbios.aem3 : BIOS.obj (.text:ti_sysbios_knl_Clock_walkQueueDynamic__E)
                  00005fcc    000000d4     driverlib.lib : rfc.obj (.text:NOROM_RFCRfTrimRead)
                  000060a0    000000d0     dpl_cc13x0.aem3 : PowerCC26XX_tirtos.oem3 (.text:PowerCC26XX_standbyPolicy)
                  00006170    000000d0     mesh.obj (.text:txPayload)
                  00006240    000000cc     mesh.obj (.text:initMesh)
                  0000630c    000000cc     sysbios.aem3 : BIOS.obj (.text:ti_sysbios_knl_Swi_Instance_init__E)
                  000063d8    000000cc     ti.targets.arm.rtsarm.aem3 : Core-smem.oem3 (.text:xdc_runtime_Core_constructObject__I)
                  000064a4    000000c8     mesh.obj (.text:rfEasyLinkRxFnx)
                  0000656c    000000c8     sysbios.aem3 : m3_Hwi_asm.obj (.text:ti_sysbios_family_arm_m3_Hwi_dispatch__I)
                  00006634    000000c8                  : BIOS.obj (.text:ti_sysbios_knl_Task_schedule__I)
                  000066fc    000000c4     drivers_cc13x0.aem3 : ADCCC26XX.oem3 (.text:ADCCC26XX_convert)
                  000067c0    000000c4     driverlib.lib : setup.obj (.text:TrimAfterColdResetWakeupFromShutDown)
                  00006884    000000c0     drivers_cc13x0.aem3 : I2CCC26XX.oem3 (.text:I2CCC26XX_transfer)
                  00006944    000000c0     driverlib.lib : aux_adc.obj (.text:NOROM_AUXADCEnableSync)
                  00006a04    000000c0     sysbios.aem3 : BIOS.obj (.text:ti_sysbios_knl_Task_startCore__E)
                  00006ac4    000000bc     drivers_cc13x0.aem3 : PowerCC26XX.oem3 (.text:Power_releaseDependency)
                  00006b80    000000b4                         : PowerCC26XX.oem3 (.text:Power_setDependency)
                  00006c34    000000b4     sysbios.aem3 : BIOS.obj (.text:ti_sysbios_family_arm_m3_Hwi_excDebugMon__I)
                  00006ce8    000000b4                  : BIOS.obj (.text:ti_sysbios_family_arm_m3_Hwi_excHardFault__I)
                  00006d9c    000000b4                  : BIOS.obj (.text:ti_sysbios_knl_Task_checkStacks__E)
                  00006e50    000000b0                  : BIOS.obj (.text:ti_sysbios_gates_GateMutex_enter__E)
                  00006f00    000000a8     driverlib.lib : setup.obj (.text:NOROM_SetupTrimDevice)
                  00006fa8    000000a8     rf_multiMode_cc13x0.aem3 : RFCC26XX_multiMode.oem3 (.text:RF_issueRadioFreeCb)
                  00007050    000000a8     sysbios.aem3 : BIOS.obj (.text:ti_sysbios_knl_Swi_post__E)
                  000070f8    000000a4     drivers_cc13x0.aem3 : ADCCC26XX.oem3 (.text:ADCCC26XX_open)
                  0000719c    000000a4     driverlib.lib : setup_rom.obj (.text:NOROM_SetupAfterColdResetWakeupFromShutDownCfg1)
                  00007240    000000a4     rf_multiMode_cc13x0.aem3 : RFCC26XX_multiMode.oem3 (.text:RF_dispatchCmd)
                  000072e4    000000a0     auto_init.aem3 : auto_init.oem3 (.text)
                  00007384    000000a0     sysbios.aem3 : BIOS.obj (.text:ti_sysbios_knl_Clock_Instance_finalize__E)
                  00007424    0000009c     rtsv7M3_T_le_eabi.lib : memcpy_t2.obj (.text)
                  000074c0    0000009c     rf_multiMode_cc13x0.aem3 : RFCC26XX_multiMode.oem3 (.text:swiFxnHw)
                  0000755c    0000009c     sysbios.aem3 : BIOS.obj (.text:ti_sysbios_knl_Semaphore_Instance_init__E)
                  000075f8    0000009a     ti.targets.arm.rtsarm.aem3 : Text.oem3 (.text:xdc_runtime_Text_putSite__E)
                  00007692    00000002     rf_multiMode_cc13x0.aem3 : RFCC26XX_multiMode.oem3 (.text:defaultErrCb)
                  00007694    00000098     drivers_cc13x0.aem3 : PINCC26XX.oem3 (.text:PIN_open)
                  0000772c    00000098     rf_multiMode_cc13x0.aem3 : RFCC26XX_multiMode.oem3 (.text:hwiFxnCpe0PowerFsm)
                  000077c4    00000098     sysbios.aem3 : BIOS.obj (.text:ti_sysbios_knl_Clock_workFuncDynamic__E)
                  0000785c    00000098                  : BIOS.obj (.text:ti_sysbios_knl_Task_blockI__E)
                  000078f4    00000098     ti.targets.arm.rtsarm.aem3 : Text.oem3 (.text:xdc_runtime_Text_putMod__E)
                  0000798c    00000094     driverlib.lib : aux_adc.obj (.text:NOROM_AUXADCDisable)
                  00007a20    00000094     sysbios.aem3 : BIOS.obj (.text:ti_sysbios_knl_Task_exit__E)
                  00007ab4    00000090     drivers_cc13x0.aem3 : I2CCC26XX.oem3 (.text:I2CCC26XX_cancel)
                  00007b44    0000008c                         : I2CCC26XX.oem3 (.text:I2CCC26XX_primeTransfer)
                  00007bd0    0000008c     rf_multiMode_cc13x0.aem3 : RFCC26XX_multiMode.oem3 (.text:RF_pendCmd)
                  00007c5c    0000008c     sysbios.aem3 : BIOS.obj (.text:ti_sysbios_family_arm_m3_Hwi_Instance_init__E)
                  00007ce8    0000008c                  : BIOS.obj (.text:ti_sysbios_knl_Task_unblockI__E)
                  00007d74    00000088     drivers_cc13x0.aem3 : PowerCC26XX.oem3 (.text:disableLFClockQualifiers)
                  00007dfc    00000084                         : PowerCC26XX.oem3 (.text:switchXOSCHFclockFunc)
                  00007e80    00000080     sysbios.aem3 : BIOS.obj (.text:ti_sysbios_family_arm_m3_Hwi_initNVIC__E)
                  00007f00    00000080                  : BIOS.obj (.text:ti_sysbios_knl_Task_postInit__I)
                  00007f80    00000080     ti.uia.sysbios.aem3 : LoggerIdle.oem3 (.text:ti_uia_sysbios_LoggerIdle_idleWriteEvent__I)
                  00008000    0000007c     drivers_cc13x0.aem3 : GPIOCC26XX.oem3 (.text:GPIO_init)
                  0000807c    0000007a     rtsv7M3_T_le_eabi.lib : memset_t2.obj (.text)
                  000080f6    00000002     drivers_cc13x0.aem3 : PowerCC26XX.oem3 (.text:emptyClockFunc)
                  000080f8    00000074     driverlib.lib : setup_rom.obj (.text:NOROM_SetupSetVddrLevel)
                  0000816c    00000074     sysbios.aem3 : BIOS.obj (.text:ti_sysbios_family_arm_cc26xx_Timer_start__E)
                  000081e0    00000070     ti.targets.arm.rtsarm.aem3 : Error.oem3 (.text:xdc_runtime_Error_print__E)
                  00008250    0000006d                                : System.oem3 (.text:xdc_runtime_System_formatNum__I)
                  000082bd    00000001     --HOLE-- [fill = 0]
                  000082be    00000002     smartrf_settings.obj (.text:enterGenfskSysPatch)
                  000082c0    0000006c     drivers_cc13x0.aem3 : PowerCC26XX.oem3 (.text:PowerCC26XX_calibrate)
                  0000832c    0000006c                         : PowerCC26XX_calibrateRCOSC.oem3 (.text:PowerCC26XX_initiateCalibration)
                  00008398    0000006c     ti.targets.arm.rtsarm.aem3 : Memory.oem3 (.text:xdc_runtime_Memory_alloc__E)
                  00008404    00000068     drivers_cc13x0.aem3 : I2CCC26XX.oem3 (.text:I2CCC26XX_close)
                  0000846c    00000068     driverlib.lib : setup_rom.obj (.text:NOROM_SetupGetTrimForAmpcompCtrl)
                  000084d4    00000068                   : setup_rom.obj (.text:NOROM_SetupGetTrimForAnabypassValue1)
                  0000853c    00000068                   : sys_ctrl.obj (.text:NOROM_SysCtrl_DCDC_VoltageConditionalControl)
                  000085a4    00000068     rtsv7M3_T_le_eabi.lib : copy_decompress_lzss.obj (.text:decompress:lzss)
                  0000860c    00000068     rf_multiMode_cc13x0.aem3 : RFCC26XX_multiMode.oem3 (.text:fsmXOSCState)
                  00008674    00000068     rtsv7M3_T_le_eabi.lib : trgmsg.obj (.text)
                  000086dc    00000068     rf_multiMode_cc13x0.aem3 : RFCC26XX_multiMode.oem3 (.text:syncCb)
                  00008744    00000068     sysbios.aem3 : BIOS.obj (.text:ti_sysbios_family_arm_cc26xx_TimestampProvider_Module_startup__E)
                  000087ac    00000068                  : BIOS.obj (.text:ti_sysbios_knl_Clock_startI__E)
                  00008814    00000068                  : BIOS.obj (.text:ti_sysbios_knl_Clock_start__E)
                  0000887c    00000068                  : BIOS.obj (.text:ti_sysbios_knl_Swi_restoreHwi__E)
                  000088e4    00000066     ti.targets.arm.rtsarm.aem3 : Core-mem.oem3 (.text:xdc_runtime_Core_deleteObject__I)
                  0000894a    00000002     smartrf_settings_predefined.obj (.text:enterGenfskSysPatch)
                  0000894c    00000064     driverlib.lib : osc.obj (.text:NOROM_OSCHF_AttemptToSwitchToXosc)
                  000089b0    00000064     drivers_cc13x0.aem3 : PINCC26XX.oem3 (.text:PIN_add)
                  00008a14    00000064     rf_multiMode_cc13x0.aem3 : RFCC26XX_multiMode.oem3 (.text:dispatchOpWhen)
                  00008a78    00000064     sysbios.aem3 : BIOS.obj (.text:ti_sysbios_heaps_HeapMem_initPrimary__I)
                  00008adc    00000060     driverlib.lib : osc.obj (.text:NOROM_OSCClockSourceSet)
                  00008b3c    00000060     smartrf_settings.obj (.text:configureGenfskPatch)
                  00008b9c    00000060     smartrf_settings_predefined.obj (.text:configureGenfskPatch)
                  00008bfc    00000060     smartrf_settings_predefined.obj (.text:configureGenookPatch)
                  00008c5c    00000060     smartrf_settings_predefined.obj (.text:configureLrmPatch)
                  00008cbc    00000060     drivers_cc13x0.aem3 : PowerCC26XX.oem3 (.text:configureXOSCHF)
                  00008d1c    00000060     mesh.obj (.text:receivedAssignAddress)
                  00008d7c    00000060     sysbios.aem3 : BIOS.obj (.text:ti_sysbios_knl_Clock_logTick__E)
                  00008ddc    0000005c     driverlib.lib : sys_ctrl.obj (.text:NOROM_SysCtrlAdjustRechargeAfterPowerDown)
                  00008e38    0000005c     drivers_cc13x0.aem3 : PowerCC26XX_calibrateRCOSC.oem3 (.text:PowerCC26XX_RCOSC_clockFunc)
                  00008e94    0000005c     rf_multiMode_cc13x0.aem3 : RFCC26XX_multiMode.oem3 (.text:ratChanFree)
                  00008ef0    0000005c     mesh.obj (.text:receivedUndiscoveredResponse)
                  00008f4c    0000005c     sysbios.aem3 : BIOS.obj (.text:ti_sysbios_knl_Task_Module_startup__E)
                  00008fa8    0000005b     ti.targets.arm.rtsarm.aem3 : Text.oem3 (.text:xdc_runtime_Text_putLab__E)
                  00009003    00000001     --HOLE-- [fill = 0]
                  00009004    00000058     drivers_cc13x0.aem3 : I2CCC26XX.oem3 (.text:I2CCC26XX_swiFxn)
                  0000905c    00000058                         : PINCC26XX.oem3 (.text:PIN_remove)
                  000090b4    00000058     rf_multiMode_cc13x0.aem3 : RFCC26XX_multiMode.oem3 (.text:applyRfCorePatch)
                  0000910c    00000058     sysbios.aem3 : BIOS.obj (.text:ti_sysbios_family_arm_m3_Hwi_postInit__I)
                  00009164    00000058                  : BIOS.obj (.text:ti_sysbios_heaps_HeapMem_alloc__E)
                  000091bc    00000054     drivers_cc13x0.aem3 : GPIOCC26XX.oem3 (.text:GPIO_write)
                  00009210    00000054     rf_multiMode_cc13x0.aem3 : RFCC26XX_multiMode.oem3 (.text:RF_getCurrentTime)
                  00009264    00000054                              : RFCC26XX_multiMode.oem3 (.text:hwiFxnHw)
                  000092b8    00000054     rtsv7M3_T_le_eabi.lib : exit.obj (.text)
                  0000930c    00000054     sysbios.aem3 : BIOS.obj (.text:ti_sysbios_knl_Swi_Instance_finalize__E)
                  00009360    00000054                  : BIOS.obj (.text:ti_sysbios_knl_Swi_schedule__I)
                  000093b4    00000054     ti.targets.arm.rtsarm.aem3 : Assert.oem3 (.text:xdc_runtime_Assert_raise__I)
                  00009408    00000050     driverlib.lib : setup_rom.obj (.text:NOROM_SetupSetCacheModeAccordingToCcfgSetting)
                  00009458    00000050     uartlogging_pem3.oem3 (.text:ti_sysbios_family_arm_m3_Hwi_construct)
                  000094a8    00000050     sysbios.aem3 : BIOS.obj (.text:ti_sysbios_knl_Swi_runLoop__I)
                  000094f8    00000050     uartlogging_pem3.oem3 (.text:ti_sysbios_knl_Task_create)
                  00009548    00000050     ti.targets.arm.rtsarm.aem3 : Startup.oem3 (.text:xdc_runtime_Startup_exec__E)
                  00009598    0000004c     drivers_cc13x0.aem3 : I2CCC26XX.oem3 (.text:I2CCC26XX_initHw)
                  000095e4    0000004c     rf_multiMode_cc13x0.aem3 : RFCC26XX_multiMode.oem3 (.text:RF_wakeupNotifyFxn)
                  00009630    0000004c     drivers_cc13x0.aem3 : GPIOCC26XX.oem3 (.text:powerPostNotify)
                  0000967c    0000004c     rtsv7M3_T_le_eabi.lib : cpy_tbl.obj (.text)
                  000096c8    0000004c                           : rand.obj (.text)
                  00009714    0000004c     sysbios.aem3 : m3_TaskSupport_asm.obj (.text:ti_sysbios_family_arm_m3_TaskSupport_buildTaskStack)
                  00009760    0000004c     uartlogging_pem3.oem3 (.text:ti_sysbios_knl_Swi_construct)
                  000097ac    0000004c     ti.targets.arm.rtsarm.aem3 : Text.oem3 (.text:xdc_runtime_Text_visitRope2__I)
                  000097f8    00000048     rf_multiMode_cc13x0.aem3 : RFCC26XX_multiMode.oem3 (.text:RF_checkCmdFsError)
                  00009840    00000048     mesh.obj (.text:receivedDiscoveryMessage)
                  00009888    00000048     sysbios.aem3 : BIOS.obj (.text:ti_sysbios_family_arm_m3_Hwi_Module_startup__E)
                  000098d0    00000048                  : BIOS.obj (.text:ti_sysbios_family_arm_m3_Hwi_excReserved__I)
                  00009918    00000048                  : m3_Hwi_asm_switch.obj (.text:ti_sysbios_family_arm_m3_Hwi_initStacks__E)
                  00009960    00000048                  : BIOS.obj (.text:ti_sysbios_heaps_HeapMem_getStats__E)
                  000099a8    00000046     ti.targets.arm.rtsarm.aem3 : Core-params.oem3 (.text:xdc_runtime_Core_assignParams__I)
                  000099ee    00000002     smartrf_settings_predefined.obj (.text:enterGenookSysPatch)
                  000099f0    00000044     drivers_cc13x0.aem3 : PINCC26XX.oem3 (.text:PIN_swi)
                  00009a34    00000044     rf_multiMode_cc13x0.aem3 : RFCC26XX_multiMode.oem3 (.text:RF_releasePowerConstraint)
                  00009a78    00000044     boot.aem3 : boot.oem3 (.text)
                  00009abc    00000044     drivers_cc13x0.aem3 : PowerCC26XX.oem3 (.text:notify)
                  00009b00    00000044     sysbios.aem3 : BIOS.obj (.text:ti_sysbios_family_arm_m3_Hwi_disableInterrupt__E)
                  00009b44    00000044                  : BIOS.obj (.text:ti_sysbios_family_arm_m3_Hwi_enableInterrupt__E)
                  00009b88    00000044                  : BIOS.obj (.text:ti_sysbios_knl_Task_allBlockedFunction__I)
                  00009bcc    00000044     ti.targets.arm.rtsarm.aem3 : Error.oem3 (.text:xdc_runtime_Error_setX__E)
                  00009c10    00000044                                : SysMin.oem3 (.text:xdc_runtime_SysMin_flush__E)
                  00009c54    00000044                                : Text.oem3 (.text:xdc_runtime_Text_xprintf__I)
                  00009c98    00000040     drivers_cc13x0.aem3 : ADCCC26XX.oem3 (.text:ADCCC26XX_convertRawToMicroVolts)
                  00009cd8    00000040                         : ADC.oem3 (.text:ADC_init)
                  00009d18    00000040                         : ADC.oem3 (.text:ADC_open)
                  00009d58    00000040                         : I2C.oem3 (.text:I2C_init)
                  00009d98    00000040                         : I2C.oem3 (.text:I2C_open)
                  00009dd8    00000040     sensors.obj (.text:init_sensors)
                  00009e18    00000040     mesh.obj (.text:pingParentTask_init)
                  00009e58    00000040     rtsv7M3_T_le_eabi.lib : u_divt2.obj (.text)
                  00009e98    00000040     mesh.obj (.text:rxTask_init)
                  00009ed8    00000040     sysbios.aem3 : BIOS.obj (.text:ti_sysbios_family_arm_m3_Hwi_getStackInfo__E)
                  00009f18    0000003c     drivers_cc13x0.aem3 : ADCCC26XX.oem3 (.text:ADCCC26XX_close)
                  00009f54    0000003c                         : GPIOCC26XX.oem3 (.text:GPIO_enableInt)
                  00009f90    0000003c     driverlib.lib : chipinfo.obj (.text:NOROM_ChipInfo_GetHwRevision)
                  00009fcc    0000003c                   : osc.obj (.text:NOROM_OSC_HPOSCRelativeFrequencyOffsetGet)
                  0000a008    0000003c                   : rfc.obj (.text:NOROM_RFCSynthPowerDown)
                  0000a044    0000003c     drivers_cc13x0.aem3 : PowerCC26XX.oem3 (.text:PowerCC26XX_isStableXOSC_HF)
                  0000a080    0000003c                         : PowerCC26XX.oem3 (.text:PowerCC26XX_switchXOSC_HF)
                  0000a0bc    0000003c     rf_multiMode_cc13x0.aem3 : RFCC26XX_multiMode.oem3 (.text:RF_runCmd)
                  0000a0f8    0000003c     sysbios.aem3 : BIOS.obj (.text:ti_sysbios_family_arm_m3_Hwi_excSvCall__I)
                  0000a134    00000038     rf_multiMode_cc13x0.aem3 : RFCC26XX_multiMode.oem3 (.text:Q_end)
                  0000a16c    00000038     UARTUtils.obj (.text:UARTUtils_loggerIdleSend)
                  0000a1a4    00000038     sysbios.aem3 : BIOS.obj (.text:ti_sysbios_family_arm_cc26xx_Timer_getCurrentTick__E)
                  0000a1dc    00000038                  : BIOS.obj (.text:ti_sysbios_family_arm_m3_Hwi_Instance_finalize__E)
                  0000a214    00000038                  : BIOS.obj (.text:ti_sysbios_family_arm_m3_Hwi_excNoIsr__I)
                  0000a24c    00000038     ti.targets.arm.rtsarm.aem3 : SysMin.oem3 (.text:xdc_runtime_SysMin_putch__E)
                  0000a284    00000038                                : System.oem3 (.text:xdc_runtime_System_atexit__E)
                  0000a2bc    00000034     CC1310_LAUNCHXL.obj (.text:CC1310_LAUNCHXL_initGeneral)
                  0000a2f0    00000034     drivers_cc13x0.aem3 : GPIOCC26XX.oem3 (.text:GPIO_setCallback)
                  0000a324    00000034     driverlib.lib : aux_adc.obj (.text:NOROM_AUXADCDisableInputScaling)
                  0000a358    00000034                   : osc.obj (.text:NOROM_OSCHF_SwitchToRcOscTurnOffXosc)
                  0000a38c    00000034     drivers_cc13x0.aem3 : PINCC26XX.oem3 (.text:PIN_setConfig)
                  0000a3c0    00000034                         : PowerCC26XX.oem3 (.text:Power_releaseConstraint)
                  0000a3f4    00000034     rf_multiMode_cc13x0.aem3 : RFCC26XX_multiMode.oem3 (.text:Q_push)
                  0000a428    00000034     sysbios.aem3 : BIOS.obj (.text:ti_sysbios_family_arm_cc26xx_Timer_initDevice__I)
                  0000a45c    00000034                  : BIOS.obj (.text:ti_sysbios_family_arm_m3_Hwi_excNmi__I)
                  0000a490    00000034                  : BIOS.obj (.text:ti_sysbios_hal_Hwi_checkStack)
                  0000a4c4    00000034     uartlogging_pem3.oem3 (.text:ti_sysbios_knl_Semaphore_create)
                  0000a4f8    00000034     sysbios.aem3 : BIOS.obj (.text:ti_sysbios_knl_Swi_restore__E)
                  0000a52c    00000034     ti.targets.arm.rtsarm.aem3 : Core-label.oem3 (.text:xdc_runtime_Core_assignLabel__I)
                  0000a560    00000033                                : Text.oem3 (.text:xdc_runtime_Text_printVisFxn__I)
                  0000a593    00000001     --HOLE-- [fill = 0]
                  0000a594    00000032     sysbios.aem3 : BIOS.obj (.text:ti_sysbios_family_arm_cc26xx_Timer_setNextTick__E)
                  0000a5c6    00000002     smartrf_settings_predefined.obj (.text:enterLrmSysPatch)
                  0000a5c8    00000030     driverlib.lib : chipinfo.obj (.text:NOROM_ChipInfo_GetChipType)
                  0000a5f8    00000030                   : setup_rom.obj (.text:NOROM_SetupSetAonRtcSubSecInc)
                  0000a628    00000030     drivers_cc13x0.aem3 : PowerCC26XX.oem3 (.text:Power_setConstraint)
                  0000a658    00000030     driverlib.lib : adi.obj (.text:SafeHapiAuxAdiSelect)
                  0000a688    00000030     rf_multiMode_cc13x0.aem3 : RFCC26XX_multiMode.oem3 (.text:clkPowerUpFxn)
                  0000a6b8    00000030     uartlogging_pem3.oem3 (.text:ti_sysbios_BIOS_atExitFunc__I)
                  0000a6e8    00000030     uartlogging_pem3.oem3 (.text:ti_sysbios_BIOS_startFunc__I)
                  0000a718    00000030     sysbios.aem3 : BIOS.obj (.text:ti_sysbios_family_arm_cc26xx_Timer_setThreshold__I)
                  0000a748    00000030     uartlogging_pem3.oem3 (.text:ti_sysbios_gates_GateHwi_Object__create__S)
                  0000a778    00000030     uartlogging_pem3.oem3 (.text:ti_sysbios_gates_GateMutex_Object__create__S)
                  0000a7a8    00000030     uartlogging_pem3.oem3 (.text:ti_sysbios_heaps_HeapMem_Object__create__S)
                  0000a7d8    00000030     sysbios.aem3 : BIOS.obj (.text:ti_sysbios_heaps_HeapMem_free__E)
                  0000a808    00000030     uartlogging_pem3.oem3 (.text:ti_sysbios_knl_Clock_construct)
                  0000a838    00000030     uartlogging_pem3.oem3 (.text:ti_sysbios_knl_Semaphore_construct)
                  0000a868    00000030     sysbios.aem3 : BIOS.obj (.text:ti_sysbios_knl_Task_processVitalTaskFlag__I)
                  0000a898    00000030     uartlogging_pem3.oem3 (.text:ti_uia_sysbios_LoggerIdle_Object__create__S)
                  0000a8c8    00000030     ti.uia.sysbios.aem3 : LoggerIdle.oem3 (.text:ti_uia_sysbios_LoggerIdle_write8__E)
                  0000a8f8    00000030     ti.targets.arm.rtsarm.aem3 : SysMin.oem3 (.text:xdc_runtime_SysMin_abort__E)
                  0000a928    00000030                                : System.oem3 (.text:xdc_runtime_System_processAtExit__E)
                  0000a958    0000002e     sysbios.aem3 : BIOS.obj (.text:ti_sysbios_family_arm_m3_TaskSupport_start__E)
                  0000a986    0000002e                  : BIOS.obj (.text:ti_sysbios_hal_Hwi_initStack)
                  0000a9b4    0000002c     driverlib.lib : ddi.obj (.text:NOROM_DDI32RegWrite)
                  0000a9e0    0000002c                   : osc.obj (.text:NOROM_OSCClockSourceGet)
                  0000aa0c    0000002c                   : rfc.obj (.text:NOROM_RFCCPEPatchReset)
                  0000aa38    0000002c                   : setup_rom.obj (.text:NOROM_SetupGetTrimForRadcExtCfg)
                  0000aa64    0000002c     drivers_cc13x0.aem3 : PINCC26XX.oem3 (.text:PINCC26XX_setMux)
                  0000aa90    0000002c     rf_multiMode_cc13x0.aem3 : RFCC26XX_multiMode.oem3 (.text:getCmd)
                  0000aabc    0000002c     sysbios.aem3 : BIOS.obj (.text:ti_sysbios_knl_Clock_getTicksUntilInterrupt__E)
                  0000aae8    0000002c     uartlogging_pem3.oem3 (.text:ti_sysbios_knl_Queue_construct)
                  0000ab14    0000002c     sysbios.aem3 : BIOS.obj (.text:ti_sysbios_knl_Semaphore_pendTimeout__I)
                  0000ab40    0000002c     ti.targets.arm.rtsarm.aem3 : Text.oem3 (.text:xdc_runtime_Text_cordText__E)
                  0000ab6c    0000002a     ti.uia.sysbios.aem3 : LoggerIdle.oem3 (.text:ti_uia_sysbios_LoggerIdle_write4__E)
                  0000ab96    0000002a     ti.targets.arm.rtsarm.aem3 : System.oem3 (.text:xdc_runtime_System_putchar__I)
                  0000abc0    00000028     driverlib.lib : aon_batmon.obj (.text:NOROM_AONBatMonTemperatureGetDegC)
                  0000abe8    00000028     drivers_cc13x0.aem3 : PowerCC26XX.oem3 (.text:Power_registerNotify)
                  0000ac10    00000028     driverlib.lib : adi.obj (.text:SafeHapiVoid)
                  0000ac38    00000028     mesh.obj (.text:receivedConfirmation)
                  0000ac60    00000028     sysbios.aem3 : BIOS.obj (.text:ti_sysbios_knl_Clock_addI__E)
                  0000ac88    00000028                  : BIOS.obj (.text:ti_sysbios_knl_Task_restore__E)
                  0000acb0    00000026     ti.uia.sysbios.aem3 : LoggerIdle.oem3 (.text:ti_uia_sysbios_LoggerIdle_write0__E)
                  0000acd6    00000026                         : LoggerIdle.oem3 (.text:ti_uia_sysbios_LoggerIdle_write2__E)
                  0000acfc    00000026     ti.targets.arm.rtsarm.aem3 : System.oem3 (.text:xdc_runtime_System_avprintf__E)
                  0000ad22    00000002     rtsv7M3_T_le_eabi.lib : i_div0.obj (.text)
                  0000ad24    00000024     drivers_cc13x0.aem3 : GPIOCC26XX.oem3 (.text:GPIO_hwiIntFxn)
                  0000ad48    00000024                         : PINCC26XX.oem3 (.text:PINCC26XX_getPinCount)
                  0000ad6c    00000024     rf_multiMode_cc13x0.aem3 : RFCC26XX_multiMode.oem3 (.text:allocCmd)
                  0000ad90    00000024     uartlogging_pem3.oem3 (.text:ti_sysbios_BIOS_errorRaiseHook__I)
                  0000adb4    00000024     uartlogging_pem3.oem3 (.text:ti_sysbios_BIOS_registerRTSLock__I)
                  0000add8    00000024     uartlogging_pem3.oem3 (.text:ti_sysbios_BIOS_removeRTSLock__I)
                  0000adfc    00000024     sysbios.aem3 : BIOS.obj (.text:ti_sysbios_family_arm_cc26xx_Timer_Module_startup__E)
                  0000ae20    00000024                  : BIOS.obj (.text:ti_sysbios_family_arm_cc26xx_Timer_getMaxTicks__E)
                  0000ae44    00000024                  : BIOS.obj (.text:ti_sysbios_family_arm_cc26xx_Timer_startup__E)
                  0000ae68    00000024     uartlogging_pem3.oem3 (.text:ti_sysbios_gates_GateMutex_Object__delete__S)
                  0000ae8c    00000024     sysbios.aem3 : BIOS.obj (.text:ti_sysbios_knl_Swi_Module_startup__E)
                  0000aeb0    00000024                  : BIOS.obj (.text:ti_sysbios_knl_Task_getMode__E)
                  0000aed4    00000024     ti.uia.sysbios.aem3 : LoggerIdle.oem3 (.text:ti_uia_sysbios_LoggerIdle_write1__E)
                  0000aef8    00000024     ti.targets.arm.rtsarm.aem3 : System.oem3 (.text:xdc_runtime_System_vprintf__E)
                  0000af1c    00000022     drivers_cc13x0.aem3 : List.oem3 (.text:List_put)
                  0000af3e    00000022     driverlib.lib : aux_adc.obj (.text:NOROM_AUXADCAdjustValueForGainAndOffset)
                  0000af60    00000022     sensorNodeMain.obj (.text:main)
                  0000af82    00000022     sysbios.aem3 : BIOS.obj (.text:ti_sysbios_family_arm_cc26xx_Timer_postInit__I)
                  0000afa4    00000022     uartlogging_pem3.oem3 (.text:xdc_runtime_SysMin_output__I)
                  0000afc6    00000002     sysbios.aem3 : BIOS.obj (.text:ti_sysbios_BIOS_linkedWithIncorrectBootLibrary__E)
                  0000afc8    00000020     driverlib.lib : rfc.obj (.text:NOROM_RFCAdi3VcoLdoVoltageMode)
                  0000afe8    00000020                   : rfc.obj (.text:NOROM_RFCDoorbellSendTo)
                  0000b008    00000020                   : setup_rom.obj (.text:NOROM_SetupGetTrimForXoscHfCtl)
                  0000b028    00000020     drivers_cc13x0.aem3 : PowerCC26XX.oem3 (.text:Power_unregisterNotify)
                  0000b048    00000020     uartlogging_pem3.oem3 (.text:ti_sysbios_BIOS_rtsLock__I)
                  0000b068    00000020     sysbios.aem3 : BIOS.obj (.text:ti_sysbios_family_arm_cc26xx_Timer_dynamicStub__E)
                  0000b088    00000020                  : m3_Hwi_asm.obj (.text:ti_sysbios_family_arm_m3_Hwi_excHandlerAsm__I)
                  0000b0a8    00000020                  : BIOS.obj (.text:ti_sysbios_family_arm_m3_Hwi_excHandler__I)
                  0000b0c8    00000020     uartlogging_pem3.oem3 (.text:ti_sysbios_gates_GateHwi_Object__delete__S)
                  0000b0e8    00000020     uartlogging_pem3.oem3 (.text:ti_sysbios_heaps_HeapMem_Object__delete__S)
                  0000b108    00000020     sysbios.aem3 : BIOS.obj (.text:ti_sysbios_knl_Clock_Module_startup__E)
                  0000b128    00000020     uartlogging_pem3.oem3 (.text:ti_sysbios_knl_Clock_destruct)
                  0000b148    00000020     sysbios.aem3 : BIOS.obj (.text:ti_sysbios_knl_Clock_getTicks__E)
                  0000b168    00000020                  : BIOS.obj (.text:ti_sysbios_knl_Clock_stop__E)
                  0000b188    00000020                  : BIOS.obj (.text:ti_sysbios_knl_Idle_run__E)
                  0000b1a8    00000020     uartlogging_pem3.oem3 (.text:ti_sysbios_knl_Semaphore_destruct)
                  0000b1c8    00000020     sysbios.aem3 : BIOS.obj (.text:ti_sysbios_knl_Task_restoreHwi__E)
                  0000b1e8    00000020     uartlogging_pem3.oem3 (.text:ti_uia_sysbios_LoggerIdle_Object__delete__S)
                  0000b208    00000020     ti.targets.arm.rtsarm.aem3 : Registry.oem3 (.text:xdc_runtime_Registry_findById__E)
                  0000b228    00000020                                : SysMin.oem3 (.text:xdc_runtime_SysMin_Module_startup__E)
                  0000b248    0000001e     drivers_cc13x0.aem3 : PINCC26XX.oem3 (.text:PIN_close)
                  0000b266    0000001e                         : PowerCC26XX.oem3 (.text:Power_getTransitionLatency)
                  0000b284    0000001e     sysbios.aem3 : m3_Hwi_asm_switch.obj (.text:ti_sysbios_family_xxx_Hwi_switchAndRunFunc)
                  0000b2a2    0000001e     LED.obj (.text:toggleLED)
                  0000b2c0    0000001c     driverlib.lib : aux_adc.obj (.text:NOROM_AUXADCGetAdjustmentGain)
                  0000b2dc    0000001c                   : chipinfo.obj (.text:NOROM_ChipInfo_GetChipFamily)
                  0000b2f8    0000001c                   : setup_rom.obj (.text:NOROM_SetupGetTrimForAmpcompTh2)
                  0000b314    0000001c                   : setup_rom.obj (.text:NOROM_SetupGetTrimForRcOscLfRtuneCtuneTrim)
                  0000b330    0000001c     drivers_cc13x0.aem3 : PINCC26XX.oem3 (.text:PINCC26XX_setIoCfgMux)
                  0000b34c    0000001c                         : PINCC26XX.oem3 (.text:PIN_hwi)
                  0000b368    0000001c     rf_multiMode_cc13x0.aem3 : RFCC26XX_multiMode.oem3 (.text:RF_setPowerConstraint)
                  0000b384    0000001c                              : RFCC26XX_multiMode.oem3 (.text:clkInactivityFxn)
                  0000b3a0    0000001c     smartrf_settings.obj (.text:enterGenfskCpePatch)
                  0000b3bc    0000001c     smartrf_settings_predefined.obj (.text:enterGenfskCpePatch)
                  0000b3d8    0000001c     smartrf_settings_predefined.obj (.text:enterGenookCpePatch)
                  0000b3f4    0000001c     smartrf_settings_predefined.obj (.text:enterLrmCpePatch)
                  0000b410    0000001c     rf_multiMode_cc13x0.aem3 : RFCC26XX_multiMode.oem3 (.text:hwiFxnCpe0ChangePhy)
                  0000b42c    0000001c     uartlogging_pem3.oem3 (.text:ti_sysbios_family_arm_m3_Hwi_destruct)
                  0000b448    0000001c     sysbios.aem3 : BIOS.obj (.text:ti_sysbios_family_arm_m3_Hwi_setPriority__E)
                  0000b464    0000001c                  : BIOS.obj (.text:ti_sysbios_gates_GateMutex_Instance_init__E)
                  0000b480    0000001c                  : BIOS.obj (.text:ti_sysbios_knl_Clock_scheduleNextTick__E)
                  0000b49c    0000001c     uartlogging_pem3.oem3 (.text:ti_sysbios_knl_Queue_destruct)
                  0000b4b8    0000001c     sysbios.aem3 : BIOS.obj (.text:ti_sysbios_knl_Queue_put__E)
                  0000b4d4    0000001c     uartlogging_pem3.oem3 (.text:ti_sysbios_knl_Swi_destruct)
                  0000b4f0    0000001c     sysbios.aem3 : BIOS.obj (.text:ti_sysbios_knl_Task_enabled__E)
                  0000b50c    0000001c                  : BIOS.obj (.text:ti_sysbios_knl_Task_enter__I)
                  0000b528    0000001c     ti.uia.sysbios.aem3 : LoggerIdle.oem3 (.text:ti_uia_sysbios_LoggerIdle_disable__E)
                  0000b544    0000001c                         : LoggerIdle.oem3 (.text:ti_uia_sysbios_LoggerIdle_enable__E)
                  0000b560    0000001c     ti.targets.arm.rtsarm.aem3 : Error.oem3 (.text:xdc_runtime_Error_check__E)
                  0000b57c    0000001c                                : Error.oem3 (.text:xdc_runtime_Error_raiseX__E)
                  0000b598    0000001c                                : Memory.oem3 (.text:xdc_runtime_Memory_valloc__E)
                  0000b5b4    0000001c                                : SysMin.oem3 (.text:xdc_runtime_SysMin_exit__E)
                  0000b5d0    0000001c                                : System.oem3 (.text:xdc_runtime_System_abort__E)
                  0000b5ec    0000001a     uartlogging_pem3.oem3 (.text:ti_sysbios_family_arm_m3_Hwi_Handle__label__S)
                  0000b606    0000001a     sysbios.aem3 : m3_Hwi_asm.obj (.text:ti_sysbios_family_arm_m3_Hwi_pendSV__I)
                  0000b620    0000001a     uartlogging_pem3.oem3 (.text:ti_sysbios_gates_GateHwi_Handle__label__S)
                  0000b63a    0000001a     uartlogging_pem3.oem3 (.text:ti_sysbios_gates_GateMutex_Handle__label__S)
                  0000b654    0000001a     uartlogging_pem3.oem3 (.text:ti_sysbios_heaps_HeapMem_Handle__label__S)
                  0000b66e    0000001a     uartlogging_pem3.oem3 (.text:ti_sysbios_knl_Swi_Handle__label__S)
                  0000b688    0000001a     uartlogging_pem3.oem3 (.text:ti_sysbios_knl_Task_Handle__label__S)
                  0000b6a2    0000001a     sysbios.aem3 : BIOS.obj (.text:ti_sysbios_knl_Task_sleepTimeout__I)
                  0000b6bc    0000001a     uartlogging_pem3.oem3 (.text:ti_uia_sysbios_LoggerIdle_Handle__label__S)
                  0000b6d6    0000001a     uartlogging_pem3.oem3 (.text:xdc_runtime_System_aprintf__E)
                  0000b6f0    0000001a     uartlogging_pem3.oem3 (.text:xdc_runtime_System_printf__E)
                  0000b70a    00000002     uartlogging_pem3.oem3 (.text:ti_sysbios_BIOS_nullFunc__I)
                  0000b70c    00000018     driverlib.lib : aon_rtc.obj (.text:NOROM_AONRTCCurrentCompareValueGet)
                  0000b724    00000018                   : aux_adc.obj (.text:NOROM_AUXADCGetAdjustmentOffset)
                  0000b73c    00000018                   : chipinfo.obj (.text:NOROM_ChipInfo_GetPackageType)
                  0000b754    00000018                   : osc.obj (.text:NOROM_OSCHF_TurnOnXosc)
                  0000b76c    00000018                   : rfc.obj (.text:NOROM_RFCCpeIntGetAndClear)
                  0000b784    00000018                   : setup_rom.obj (.text:NOROM_SetupGetTrimForAdcShModeEn)
                  0000b79c    00000018                   : setup_rom.obj (.text:NOROM_SetupGetTrimForAdcShVbufEn)
                  0000b7b4    00000018                   : setup_rom.obj (.text:NOROM_SetupGetTrimForAmpcompTh1)
                  0000b7cc    00000018                   : setup_rom.obj (.text:NOROM_SetupGetTrimForDblrLoopFilterResetVoltage)
                  0000b7e4    00000018                   : setup_rom.obj (.text:NOROM_SetupGetTrimForRcOscLfIBiasTrim)
                  0000b7fc    00000018                   : setup_rom.obj (.text:NOROM_SetupGetTrimForXoscLfRegulatorAndCmirrwrRatio)
                  0000b814    00000018     drivers_cc13x0.aem3 : PowerCC26XX.oem3 (.text:Power_idleFunc)
                  0000b82c    00000018                         : PowerCC26XX.oem3 (.text:configureRFCoreClocks)
                  0000b844    00000018     mesh.obj (.text:receivedParentalPing)
                  0000b85c    00000018     rtsv7M3_T_le_eabi.lib : args_main.obj (.text)
                  0000b874    00000018                           : ll_mul_t2.obj (.text)
                  0000b88c    00000018     rf_multiMode_cc13x0.aem3 : RFCC26XX_multiMode.oem3 (.text:swiFxnFsm)
                  0000b8a4    00000018     uartlogging_pem3.oem3 (.text:ti_sysbios_BIOS_rtsUnlock__I)
                  0000b8bc    00000018     uartlogging_pem3.oem3 (.text:ti_sysbios_family_arm_cc26xx_Timer_Module__startupDone__F)
                  0000b8d4    00000018     sysbios.aem3 : BIOS.obj (.text:ti_sysbios_family_arm_cc26xx_TimestampProvider_get64__E)
                  0000b8ec    00000018     uartlogging_pem3.oem3 (.text:ti_sysbios_family_arm_m3_Hwi_Module__startupDone__F)
                  0000b904    00000018     sysbios.aem3 : BIOS.obj (.text:ti_sysbios_family_arm_m3_Hwi_plug__E)
                  0000b91c    00000018                  : BIOS.obj (.text:ti_sysbios_gates_GateMutex_leave__E)
                  0000b934    00000018                  : BIOS.obj (.text:ti_sysbios_knl_Clock_getTimeout__E)
                  0000b94c    00000018                  : BIOS.obj (.text:ti_sysbios_knl_Swi_or__E)
                  0000b964    00000018                  : BIOS.obj (.text:ti_sysbios_knl_Task_unblock__E)
                  0000b97c    00000018     ti.targets.arm.rtsarm.aem3 : Error.oem3 (.text:xdc_runtime_Error_init__E)
                  0000b994    00000018                                : System.oem3 (.text:xdc_runtime_System_exit__E)
                  0000b9ac    00000018                                : Text.oem3 (.text:xdc_runtime_Text_ropeText__E)
                  0000b9c4    00000016     drivers_cc13x0.aem3 : List.oem3 (.text:List_remove)
                  0000b9da    00000016     driverlib.lib : chipinfo.obj (.text:NOROM_ThisLibraryIsFor_CC13x0_HwRev20AndLater_HaltIfViolated)
                  0000b9f0    00000016     rf_multiMode_cc13x0.aem3 : RFCC26XX_multiMode.oem3 (.text:Q_pop)
                  0000ba06    00000016     acs712.obj (.text:a_init)
                  0000ba1c    00000016     rtsv7M3_T_le_eabi.lib : strcpy.obj (.text)
                  0000ba32    00000016     uartlogging_pem3.oem3 (.text:ti_sysbios_BIOS_exitFunc__I)
                  0000ba48    00000016     EasyLink.obj (.text:ti_sysbios_knl_Semaphore_Params_init)
                  0000ba5e    00000016     mesh.obj (.text:ti_sysbios_knl_Semaphore_Params_init)
                  0000ba74    00000016     mesh.obj (.text:ti_sysbios_knl_Task_Params_init)
                  0000ba8a    00000002     sysbios.aem3 : BIOS.obj (.text:ti_sysbios_gates_GateHwi_Instance_init__E)
                  0000ba8c    00000014     driverlib.lib : aon_rtc.obj (.text:NOROM_AONRTCCurrent64BitValueGet)
                  0000baa0    00000014                   : aux_adc.obj (.text:NOROM_AUXADCValueToMicrovolts)
                  0000bab4    00000014     rf_multiMode_cc13x0.aem3 : RFCC26XX_multiMode.oem3 (.text:RF_Params_init)
                  0000bac8    00000014     rtsv7M3_T_le_eabi.lib : _lock.obj (.text)
                  0000badc    00000014                           : strlen.obj (.text)
                  0000baf0    00000014     uartlogging_pem3.oem3 (.text:ti_sysbios_family_arm_m3_Hwi_Object__get__S)
                  0000bb04    00000014     sysbios.aem3 : BIOS.obj (.text:ti_sysbios_family_arm_m3_Hwi_switchFromBootStack__E)
                  0000bb18    00000014     uartlogging_pem3.oem3 (.text:ti_sysbios_heaps_HeapMem_Object__get__S)
                  0000bb2c    00000014     uartlogging_pem3.oem3 (.text:ti_sysbios_knl_Clock_doTick__I)
                  0000bb40    00000014     uartlogging_pem3.oem3 (.text:ti_sysbios_knl_Swi_Object__get__S)
                  0000bb54    00000012     sysbios.aem3 : BIOS.obj (.text:ti_sysbios_hal_Hwi_Module_startup__E)
                  0000bb66    00000012     uartlogging_pem3.oem3 (.text:xdc_runtime_Startup_exec__I)
                  0000bb78    00000010     drivers_cc13x0.aem3 : I2C.oem3 (.text:I2C_Params_init)
                  0000bb88    00000010     driverlib.lib : aux_adc.obj (.text:NOROM_AUXADCFlushFifo)
                  0000bb98    00000010                   : aux_adc.obj (.text:NOROM_AUXADCReadFifo)
                  0000bba8    00000010                   : rfc.obj (.text:NOROM_RFCRfTrimSet)
                  0000bbb8    00000010                   : setup_rom.obj (.text:NOROM_SetupGetTrimForXoscHfFastStart)
                  0000bbc8    00000010                   : setup_rom.obj (.text:NOROM_SetupGetTrimForXoscHfIbiastherm)
                  0000bbd8    00000010     smartrf_settings.obj (.text:applyGenfskPatch)
                  0000bbe8    00000010     smartrf_settings_predefined.obj (.text:applyGenfskPatch)
                  0000bbf8    00000010     smartrf_settings_predefined.obj (.text:applyGenookPatch)
                  0000bc08    00000010     smartrf_settings_predefined.obj (.text:applyLrmPatch)
                  0000bc18    00000010     drivers_cc13x0.aem3 : I2CCC26XX.oem3 (.text:i2cPostNotify)
                  0000bc28    00000010     sysbios.aem3 : BIOS.obj (.text:ti_sysbios_BIOS_exit__E)
                  0000bc38    00000010                  : BIOS.obj (.text:ti_sysbios_BIOS_getCpuFreq__E)
                  0000bc48    00000010                  : BIOS.obj (.text:ti_sysbios_BIOS_setThreadType__E)
                  0000bc58    00000010                  : BIOS.obj (.text:ti_sysbios_BIOS_start__E)
                  0000bc68    00000010                  : BIOS.obj (.text:ti_sysbios_family_arm_m3_Hwi_getHandle__E)
                  0000bc78    00000010                  : BIOS.obj (.text:ti_sysbios_family_arm_m3_Hwi_post__E)
                  0000bc88    00000010                  : m3_TaskSupport_asm.obj (.text:ti_sysbios_family_arm_m3_TaskSupport_glue)
                  0000bc98    00000010                  : m3_TaskSupport_asm.obj (.text:ti_sysbios_family_arm_m3_TaskSupport_swap__E)
                  0000bca8    00000010                  : BIOS.obj (.text:ti_sysbios_gates_GateMutex_Instance_finalize__E)
                  0000bcb8    00000010                  : BIOS.obj (.text:ti_sysbios_knl_Semaphore_Instance_finalize__E)
                  0000bcc8    00000010                  : BIOS.obj (.text:ti_sysbios_knl_Swi_disable__E)
                  0000bcd8    00000010                  : BIOS.obj (.text:ti_sysbios_knl_Swi_enabled__E)
                  0000bce8    00000010     uartlogging_pem3.oem3 (.text:ti_sysbios_knl_Task_Object__get__S)
                  0000bcf8    00000010     sysbios.aem3 : BIOS.obj (.text:ti_sysbios_knl_Task_disable__E)
                  0000bd08    00000010     ti.targets.arm.rtsarm.aem3 : Gate.oem3 (.text:xdc_runtime_Gate_leaveSystem__E)
                  0000bd18    00000010                                : Memory.oem3 (.text:xdc_runtime_Memory_free__E)
                  0000bd28    00000010                                : SysMin.oem3 (.text:xdc_runtime_SysMin_ready__E)
                  0000bd38    00000010                                : System.oem3 (.text:xdc_runtime_System_vsnprintf__E)
                  0000bd48    00000010     uartlogging_pem3.oem3 (.text:xdc_runtime_Text_visitRope__I)
                  0000bd58    0000000e     driverlib.lib : vims.obj (.text:NOROM_VIMSModeGet)
                  0000bd66    0000000e     rtsv7M3_T_le_eabi.lib : copy_decompress_none.obj (.text:decompress:none)
                  0000bd74    0000000e     sysbios.aem3 : BIOS.obj (.text:ti_sysbios_family_arm_m3_TaskSupport_checkStack__E)
                  0000bd82    0000000e                  : BIOS.obj (.text:ti_sysbios_heaps_HeapMem_restore__E)
                  0000bd90    0000000e                  : BIOS.obj (.text:ti_sysbios_knl_Queue_empty__E)
                  0000bd9e    0000000e                  : BIOS.obj (.text:ti_sysbios_knl_Queue_remove__E)
                  0000bdac    0000000c     rf_multiMode_cc13x0.aem3 : RFCC26XX_multiMode.oem3 (.text:FsmNextState)
                  0000bdb8    0000000c     drivers_cc13x0.aem3 : List.oem3 (.text:List_empty)
                  0000bdc4    0000000c     driverlib.lib : cpu.obj (.text:NOROM_CPUcpsid)
                  0000bdd0    0000000c                   : cpu.obj (.text:NOROM_CPUcpsie)
                  0000bddc    0000000c                   : osc.obj (.text:NOROM_OSC_HPOSCRelativeFrequencyOffsetToRFCoreFormatConvert)
                  0000bde8    0000000c     drivers_cc13x0.aem3 : PINCC26XX.oem3 (.text:PIN_registerIntCb)
                  0000bdf4    0000000c                         : PowerCC26XX.oem3 (.text:Power_getConstraintMask)
                  0000be00    0000000c                         : PowerCC26XX.oem3 (.text:Power_getDependencyCount)
                  0000be0c    0000000c     rtsv7M3_T_le_eabi.lib : copy_zero_init.obj (.text:decompress:ZI)
                  0000be18    0000000c     sysbios.aem3 : BIOS.obj (.text:ti_sysbios_BIOS_getThreadType__E)
                  0000be24    0000000c     uartlogging_pem3.oem3 (.text:ti_sysbios_family_arm_m3_Hwi_Params__init__S)
                  0000be30    0000000c     sysbios.aem3 : BIOS.obj (.text:ti_sysbios_family_arm_m3_Hwi_disableFxn__E)
                  0000be3c    0000000c                  : BIOS.obj (.text:ti_sysbios_family_arm_m3_TaskSupport_getStackAlignment__E)
                  0000be48    0000000c                  : BIOS.obj (.text:ti_sysbios_gates_GateHwi_enter__E)
                  0000be54    0000000c     uartlogging_pem3.oem3 (.text:ti_sysbios_knl_Clock_Params__init__S)
                  0000be60    0000000c     sysbios.aem3 : BIOS.obj (.text:ti_sysbios_knl_Clock_getTimerHandle__E)
                  0000be6c    0000000c     uartlogging_pem3.oem3 (.text:ti_sysbios_knl_Queue_Object__get__S)
                  0000be78    0000000c     sysbios.aem3 : BIOS.obj (.text:ti_sysbios_knl_Queue_dequeue__E)
                  0000be84    0000000c                  : BIOS.obj (.text:ti_sysbios_knl_Queue_enqueue__E)
                  0000be90    0000000c     uartlogging_pem3.oem3 (.text:ti_sysbios_knl_Semaphore_Params__init__S)
                  0000be9c    0000000c     uartlogging_pem3.oem3 (.text:ti_sysbios_knl_Swi_Params__init__S)
                  0000bea8    0000000c     sysbios.aem3 : BIOS.obj (.text:ti_sysbios_knl_Swi_getTrigger__E)
                  0000beb4    0000000c                  : BIOS.obj (.text:ti_sysbios_knl_Swi_self__E)
                  0000bec0    0000000c     uartlogging_pem3.oem3 (.text:ti_sysbios_knl_Task_Params__init__S)
                  0000becc    0000000c     sysbios.aem3 : BIOS.obj (.text:ti_sysbios_knl_Task_self__E)
                  0000bed8    0000000c     ti.targets.arm.rtsarm.aem3 : Gate.oem3 (.text:xdc_runtime_Gate_enterSystem__E)
                  0000bee4    0000000c                                : Memory.oem3 (.text:xdc_runtime_Memory_calloc__E)
                  0000bef0    0000000c                                : Memory.oem3 (.text:xdc_runtime_Memory_getMaxDefaultTypeAlign__E)
                  0000befc    0000000c                                : Startup.oem3 (.text:xdc_runtime_Startup_rtsDone__E)
                  0000bf08    0000000a     drivers_cc13x0.aem3 : ADC.oem3 (.text:ADC_Params_init)
                  0000bf12    0000000a                         : I2CCC26XX.oem3 (.text:I2CCC26XX_init)
                  0000bf1c    0000000a                         : UART.oem3 (.text:UART_writePolling)
                  0000bf26    0000000a     LED.obj (.text:toggleLED2)
                  0000bf30    0000000a     uartlogging_pem3.oem3 (.text:xdc_runtime_IHeap_alloc)
                  0000bf3a    0000000a     uartlogging_pem3.oem3 (.text:xdc_runtime_IHeap_free)
                  0000bf44    00000008     drivers_cc13x0.aem3 : ADCCC26XX.oem3 (.text:ADCCC26XX_init)
                  0000bf4c    00000008                         : I2CCC26XX.oem3 (.text:I2CCC26XX_blockingCallback)
                  0000bf54    00000008     smartrf_settings.obj (.text:rf_patch_cpe_genfsk)
                  0000bf5c    00000008     smartrf_settings_predefined.obj (.text:rf_patch_cpe_genfsk)
                  0000bf64    00000008     smartrf_settings_predefined.obj (.text:rf_patch_cpe_genook)
                  0000bf6c    00000008     smartrf_settings_predefined.obj (.text:rf_patch_cpe_lrm)
                  0000bf74    00000008     sysbios.aem3 : BIOS.obj (.text:ti_sysbios_family_arm_m3_Hwi_doSwiRestore__I)
                  0000bf7c    00000008                  : BIOS.obj (.text:ti_sysbios_family_arm_m3_Hwi_startup__E)
                  0000bf84    00000008                  : BIOS.obj (.text:ti_sysbios_knl_Idle_loop__E)
                  0000bf8c    00000006     drivers_cc13x0.aem3 : ADCCC26XX.oem3 (.text:ADCCC26XX_control)
                  0000bf92    00000006                         : I2CCC26XX.oem3 (.text:I2CCC26XX_control)
                  0000bf98    00000006     driverlib.lib : cpu.obj (.text:NOROM_CPUdelay)
                  0000bf9e    00000006     rf_multiMode_cc13x0.aem3 : RFCC26XX_multiMode.oem3 (.text:clkReqAccessFxn)
                  0000bfa4    00000006     sysbios.aem3 : BIOS.obj (.text:ti_sysbios_family_arm_m3_Hwi_doTaskRestore__I)
                  0000bfaa    00000006                  : BIOS.obj (.text:ti_sysbios_family_arm_m3_Hwi_restoreFxn__E)
                  0000bfb0    00000006                  : BIOS.obj (.text:ti_sysbios_family_arm_m3_Hwi_setFunc__E)
                  0000bfb6    00000006                  : BIOS.obj (.text:ti_sysbios_gates_GateHwi_leave__E)
                  0000bfbc    00000006                  : BIOS.obj (.text:ti_sysbios_heaps_HeapMem_isBlocking__E)
                  0000bfc2    00000006                  : BIOS.obj (.text:ti_sysbios_knl_Queue_Instance_init__E)
                  0000bfc8    00000006                  : BIOS.obj (.text:ti_sysbios_knl_Queue_elemClear__E)
                  0000bfce    00000006                  : BIOS.obj (.text:ti_sysbios_knl_Swi_startup__E)
                  0000bfd4    00000006     ti.targets.arm.rtsarm.aem3 : System.oem3 (.text:xdc_runtime_System_Module_startup__E)
                  0000bfda    00000004     dpl_cc13x0.aem3 : PowerCC26XX_tirtos.oem3 (.text:CPUwfi)
                  0000bfde    00000004                     : HwiP_tirtos.oem3 (.text:HwiP_disable)
                  0000bfe2    00000004     drivers_cc13x0.aem3 : List.oem3 (.text:List_head)
                  0000bfe6    00000004                         : List.oem3 (.text:List_next)
                  0000bfea    00000004     rf_multiMode_cc13x0.aem3 : RFCC26XX_multiMode.oem3 (.text:Q_peek)
                  0000bfee    00000004     drivers_cc13x0.aem3 : PowerCC26XX.oem3 (.text:nopResourceHandler)
                  0000bff2    00000004     uartlogging_pem3.oem3 (.text:ti_sysbios_BIOS_RtsGateProxy_enter__E)
                  0000bff6    00000004     uartlogging_pem3.oem3 (.text:ti_sysbios_BIOS_RtsGateProxy_leave__E)
                  0000bffa    00000004     sysbios.aem3 : BIOS.obj (.text:ti_sysbios_family_arm_cc26xx_Timer_getCount64__E)
                  0000bffe    00000004                  : BIOS.obj (.text:ti_sysbios_family_arm_cc26xx_Timer_setPeriod__E)
                  0000c002    00000004     uartlogging_pem3.oem3 (.text:ti_sysbios_family_arm_m3_TaskSupport_Module__startupDone__S)
                  0000c006    00000004     sysbios.aem3 : BIOS.obj (.text:ti_sysbios_gates_GateHwi_query__E)
                  0000c00a    00000004                  : BIOS.obj (.text:ti_sysbios_gates_GateMutex_query__E)
                  0000c00e    00000004     uartlogging_pem3.oem3 (.text:ti_sysbios_heaps_HeapMem_Module_GateProxy_enter__E)
                  0000c012    00000004     uartlogging_pem3.oem3 (.text:ti_sysbios_heaps_HeapMem_Module_GateProxy_leave__E)
                  0000c016    00000004     uartlogging_pem3.oem3 (.text:ti_sysbios_knl_Clock_TimerProxy_getCurrentTick__E)
                  0000c01a    00000004     uartlogging_pem3.oem3 (.text:ti_sysbios_knl_Clock_TimerProxy_getMaxTicks__E)
                  0000c01e    00000004     uartlogging_pem3.oem3 (.text:ti_sysbios_knl_Clock_TimerProxy_setNextTick__E)
                  0000c022    00000004     sysbios.aem3 : BIOS.obj (.text:ti_sysbios_knl_Clock_isActive__E)
                  0000c026    00000004                  : BIOS.obj (.text:ti_sysbios_knl_Clock_removeI__E)
                  0000c02a    00000004                  : BIOS.obj (.text:ti_sysbios_knl_Clock_setTimeout__E)
                  0000c02e    00000004                  : BIOS.obj (.text:ti_sysbios_knl_Queue_head__E)
                  0000c032    00000004                  : BIOS.obj (.text:ti_sysbios_knl_Queue_next__E)
                  0000c036    00000004                  : BIOS.obj (.text:ti_sysbios_knl_Swi_postInit__I)
                  0000c03a    00000004                  : BIOS.obj (.text:ti_sysbios_knl_Task_startup__E)
                  0000c03e    00000004     ti.targets.arm.rtsarm.aem3 : Error.oem3 (.text:xdc_runtime_Error_getSite__E)
                  0000c042    00000004     uartlogging_pem3.oem3 (.text:xdc_runtime_System_Module_GateProxy_enter__E)
                  0000c046    00000004     uartlogging_pem3.oem3 (.text:xdc_runtime_System_Module_GateProxy_leave__E)
                  0000c04a    00000004     ti.targets.arm.rtsarm.aem3 : System.oem3 (.text:xdc_runtime_System_aprintf_va__F)
                  0000c04e    00000004                                : System.oem3 (.text:xdc_runtime_System_printf_va__F)
                  0000c052    00000002     sysbios.aem3 : BIOS.obj (.text:ti_sysbios_knl_Clock_triggerFunc__I)
                  0000c054    00000002     ti.uia.sysbios.aem3 : LoggerIdle.oem3 (.text:ti_uia_sysbios_LoggerIdle_Instance_init__E)
                  0000c056    00000002     ti.targets.arm.rtsarm.aem3 : System.oem3 (.text:xdc_runtime_System_abortSpin__E)

.const     0    0000c058    00005f8d     
                  0000c058    00001e94     uartlogging_pem3.oem3 (.const:xdc_runtime_Text_charTab__A)
                  0000deec    0000073c     smartrf_settings_predefined.obj (.const:patchGenookMce)
                  0000e628    000006b4     smartrf_settings.obj (.const:patchGenfskRfe)
                  0000ecdc    000006b4     smartrf_settings_predefined.obj (.const:patchGenfskRfe)
                  0000f390    000006b4     smartrf_settings_predefined.obj (.const:patchLrmRfe)
                  0000fa44    000006a4     smartrf_settings_predefined.obj (.const:patchGenookRfe)
                  000100e8    00000504     smartrf_settings_predefined.obj (.const:patchHsp4mbpsRfe)
                  000105ec    000003f0     smartrf_settings_predefined.obj (.const:patchHsp4mbpsMce)
                  000109dc    000002b0     smartrf_settings.obj (.const:patchImageGenfsk)
                  00010c8c    000002b0     smartrf_settings_predefined.obj (.const:patchImageGenfsk)
                  00010f3c    000002b0     smartrf_settings_predefined.obj (.const:patchImageGenook)
                  000111ec    000002b0     smartrf_settings_predefined.obj (.const:patchImageLrm)
                  0001149c    000000e0     uartlogging_pem3.oem3 (.const:xdc_runtime_Text_nodeTab__A)
                  0001157c    00000098     mesh.obj (.const:$P$T0$1)
                  00011614    00000090     mesh.obj (.const:$P$T1$2)
                  000116a4    00000084     CC1310_LAUNCHXL.obj (.const:ADC_config)
                  00011728    0000004d     CC1310_LAUNCHXL.obj (.const:adcCC26xxHWAttrs)
                  00011775    00000001     smartrf_settings_predefined.obj (.const)
                  00011776    0000004c     drivers_cc13x0.aem3 : PowerCC26XX.oem3 (.const:resourceDB)
                  000117c2    00000002     uartlogging_pem3.oem3 (.const:ti_sysbios_family_arm_cc26xx_TimestampProvider_Module__id__C)
                  000117c4    00000048     uartlogging_pem3.oem3 (.const:.string)
                  0001180c    00000040     drivers_cc13x0.aem3 : GPIOCC26XX.oem3 (.const:$O2$$)
                  0001184c    00000040     smartrf_settings_predefined.obj (.const:rfPowerTable)
                  0001188c    0000003c     uartlogging_pem3.oem3 (.const:ti_sysbios_knl_Task_Object__PARAMS__C)
                  000118c8    00000034     uartlogging_pem3.oem3 (.const:ti_uia_sysbios_LoggerIdle_Module__FXNS__C)
                  000118fc    00000030     uartlogging_pem3.oem3 (.const:ti_sysbios_family_arm_m3_Hwi_Object__PARAMS__C)
                  0001192c    0000002c     CC1310_LAUNCHXL.obj (.const:BoardGpioInitTable)
                  00011958    00000028     uartlogging_pem3.oem3 (.const:ti_sysbios_heaps_HeapMem_Module__FXNS__C)
                  00011980    00000028     uartlogging_pem3.oem3 (.const:ti_sysbios_knl_Swi_Object__PARAMS__C)
                  000119a8    00000024     uartlogging_pem3.oem3 (.const:ti_sysbios_gates_GateHwi_Module__FXNS__C)
                  000119cc    00000024     uartlogging_pem3.oem3 (.const:ti_sysbios_gates_GateMutex_Module__FXNS__C)
                  000119f0    00000024     uartlogging_pem3.oem3 (.const:ti_sysbios_heaps_HeapMem_Object__PARAMS__C)
                  00011a14    00000024     uartlogging_pem3.oem3 (.const:ti_sysbios_knl_Clock_Object__PARAMS__C)
                  00011a38    00000024     uartlogging_pem3.oem3 (.const:ti_sysbios_knl_Semaphore_Object__PARAMS__C)
                  00011a5c    00000024     uartlogging_pem3.oem3 (.const:xdc_runtime_Startup_sfxnTab__A)
                  00011a80    00000020     uartlogging_pem3.oem3 (.const:ti_sysbios_family_arm_m3_Hwi_Object__DESC__C)
                  00011aa0    00000020     uartlogging_pem3.oem3 (.const:ti_sysbios_gates_GateHwi_Object__DESC__C)
                  00011ac0    00000020     uartlogging_pem3.oem3 (.const:ti_sysbios_gates_GateMutex_Object__DESC__C)
                  00011ae0    00000020     uartlogging_pem3.oem3 (.const:ti_sysbios_heaps_HeapMem_Object__DESC__C)
                  00011b00    00000020     uartlogging_pem3.oem3 (.const:ti_sysbios_knl_Clock_Object__DESC__C)
                  00011b20    00000020     uartlogging_pem3.oem3 (.const:ti_sysbios_knl_Queue_Object__DESC__C)
                  00011b40    00000020     uartlogging_pem3.oem3 (.const:ti_sysbios_knl_Semaphore_Object__DESC__C)
                  00011b60    00000020     uartlogging_pem3.oem3 (.const:ti_sysbios_knl_Swi_Object__DESC__C)
                  00011b80    00000020     uartlogging_pem3.oem3 (.const:ti_sysbios_knl_Task_Object__DESC__C)
                  00011ba0    00000020     uartlogging_pem3.oem3 (.const:ti_uia_sysbios_LoggerIdle_Object__DESC__C)
                  00011bc0    0000001c     rf_multiMode_cc13x0.aem3 : RFCC26XX_multiMode.oem3 (.const:RF_defaultParams)
                  00011bdc    00000018     EasyLink.obj (.const:$P$T0$3)
                  00011bf4    00000018     drivers_cc13x0.aem3 : ADCCC26XX.oem3 (.const:ADCCC26XX_fxnTable)
                  00011c0c    00000018                         : I2CCC26XX.oem3 (.const:I2CCC26XX_fxnTable)
                  00011c24    00000018     CC1310_LAUNCHXL.obj (.const:i2cCC26xxHWAttrs)
                  00011c3c    00000018     driverlib.lib : rfc.obj (.const:rfc_defaultIrqAddr)
                  00011c54    00000018     uartlogging_pem3.oem3 (.const:ti_sysbios_gates_GateHwi_Object__PARAMS__C)
                  00011c6c    00000018     uartlogging_pem3.oem3 (.const:ti_sysbios_gates_GateMutex_Object__PARAMS__C)
                  00011c84    00000018     uartlogging_pem3.oem3 (.const:ti_sysbios_knl_Queue_Object__PARAMS__C)
                  00011c9c    00000018     uartlogging_pem3.oem3 (.const:ti_uia_sysbios_LoggerIdle_Object__PARAMS__C)
                  00011cb4    00000014     CC1310_LAUNCHXL.obj (.const:GPIOCC26XX_config)
                  00011cc8    00000012     uartlogging_pem3.oem3 (.const:xdc_runtime_Startup_sfxnRts__A)
                  00011cda    00000002     uartlogging_pem3.oem3 (.const:ti_sysbios_family_arm_cc26xx_TimestampProvider_useClockTimer__C)
                  00011cdc    00000010     drivers_cc13x0.aem3 : I2C.oem3 (.const:I2C_defaultParams)
                  00011cec    00000010     CC1310_LAUNCHXL.obj (.const:PowerCC26XX_config)
                  00011cfc    0000000c     CC1310_LAUNCHXL.obj (.const:I2C_config)
                  00011d08    0000000c     uartlogging_pem3.oem3 (.const:ti_sysbios_knl_Idle_funcList__A)
                  00011d14    0000000c     uartlogging_pem3.oem3 (.const:xdc_runtime_Startup_firstFxns__A)
                  00011d20    00000008     drivers_cc13x0.aem3 : ADC.oem3 (.const:ADC_defaultParams)
                  00011d28    00000008     CC1310_LAUNCHXL.obj (.const)
                  00011d30    00000008     CC1310_LAUNCHXL.obj (.const:PINCC26XX_hwAttrs)
                  00011d38    00000008     drivers_cc13x0.aem3 : I2CCC26XX.oem3 (.const:bitRate)
                  00011d40    00000008     mesh.obj (.const:defaultAddress)
                  00011d48    00000008     uartlogging_pem3.oem3 (.const:ti_sysbios_family_arm_m3_Hwi_excHookFuncs__A)
                  00011d50    00000008     uartlogging_pem3.oem3 (.const:ti_sysbios_knl_Idle_funcList__C)
                  00011d58    00000008     uartlogging_pem3.oem3 (.const:xdc_runtime_Startup_firstFxns__C)
                  00011d60    00000008     uartlogging_pem3.oem3 (.const:xdc_runtime_Startup_lastFxns__C)
                  00011d68    00000004     EasyLink.obj (.const:$P$T1$4)
                  00011d6c    00000004     CC1310_LAUNCHXL.obj (.const:RFCC26XX_hwAttrs)
                  00011d70    00000004     uartlogging_pem3.oem3 (.const:ti_sysbios_family_arm_cc26xx_Timer_startupNeeded__C)
                  00011d74    00000004     uartlogging_pem3.oem3 (.const:ti_sysbios_family_arm_cc26xx_TimestampProvider_Module__diagsEnabled__C)
                  00011d78    00000004     uartlogging_pem3.oem3 (.const:ti_sysbios_family_arm_cc26xx_TimestampProvider_Module__diagsIncluded__C)
                  00011d7c    00000004     uartlogging_pem3.oem3 (.const:ti_sysbios_family_arm_cc26xx_TimestampProvider_Module__diagsMask__C)
                  00011d80    00000004     uartlogging_pem3.oem3 (.const:ti_sysbios_family_arm_m3_Hwi_E_NMI__C)
                  00011d84    00000004     uartlogging_pem3.oem3 (.const:ti_sysbios_family_arm_m3_Hwi_E_alreadyDefined__C)
                  00011d88    00000004     uartlogging_pem3.oem3 (.const:ti_sysbios_family_arm_m3_Hwi_E_busFault__C)
                  00011d8c    00000004     uartlogging_pem3.oem3 (.const:ti_sysbios_family_arm_m3_Hwi_E_debugMon__C)
                  00011d90    00000004     uartlogging_pem3.oem3 (.const:ti_sysbios_family_arm_m3_Hwi_E_hardFault__C)
                  00011d94    00000004     uartlogging_pem3.oem3 (.const:ti_sysbios_family_arm_m3_Hwi_E_memFault__C)
                  00011d98    00000004     uartlogging_pem3.oem3 (.const:ti_sysbios_family_arm_m3_Hwi_E_noIsr__C)
                  00011d9c    00000004     uartlogging_pem3.oem3 (.const:ti_sysbios_family_arm_m3_Hwi_E_reserved__C)
                  00011da0    00000004     uartlogging_pem3.oem3 (.const:ti_sysbios_family_arm_m3_Hwi_E_svCall__C)
                  00011da4    00000004     uartlogging_pem3.oem3 (.const:ti_sysbios_family_arm_m3_Hwi_E_usageFault__C)
                  00011da8    00000004     uartlogging_pem3.oem3 (.const:ti_sysbios_family_arm_m3_Hwi_LD_end__C)
                  00011dac    00000004     uartlogging_pem3.oem3 (.const:ti_sysbios_family_arm_m3_Hwi_LM_begin__C)
                  00011db0    00000004     uartlogging_pem3.oem3 (.const:ti_sysbios_family_arm_m3_Hwi_Module__diagsEnabled__C)
                  00011db4    00000004     uartlogging_pem3.oem3 (.const:ti_sysbios_family_arm_m3_Hwi_Module__diagsIncluded__C)
                  00011db8    00000004     uartlogging_pem3.oem3 (.const:ti_sysbios_family_arm_m3_Hwi_Module__diagsMask__C)
                  00011dbc    00000004     uartlogging_pem3.oem3 (.const:ti_sysbios_family_arm_m3_Hwi_Module__loggerFxn1__C)
                  00011dc0    00000004     uartlogging_pem3.oem3 (.const:ti_sysbios_family_arm_m3_Hwi_Module__loggerFxn8__C)
                  00011dc4    00000004     uartlogging_pem3.oem3 (.const:ti_sysbios_family_arm_m3_Hwi_Module__loggerObj__C)
                  00011dc8    00000004     uartlogging_pem3.oem3 (.const:ti_sysbios_family_arm_m3_Hwi_NUM_INTERRUPTS__C)
                  00011dcc    00000004     uartlogging_pem3.oem3 (.const:ti_sysbios_family_arm_m3_Hwi_Object__count__C)
                  00011dd0    00000004     uartlogging_pem3.oem3 (.const:ti_sysbios_family_arm_m3_Hwi_ccr__C)
                  00011dd4    00000004     uartlogging_pem3.oem3 (.const:ti_sysbios_family_arm_m3_Hwi_excHandlerFunc__C)
                  00011dd8    00000004     uartlogging_pem3.oem3 (.const:ti_sysbios_family_arm_m3_Hwi_excHookFuncs__C)
                  00011ddc    00000004     uartlogging_pem3.oem3 (.const:ti_sysbios_family_arm_m3_Hwi_nullIsrFunc__C)
                  00011de0    00000004     uartlogging_pem3.oem3 (.const:ti_sysbios_family_arm_m3_Hwi_priGroup__C)
                  00011de4    00000004     uartlogging_pem3.oem3 (.const:ti_sysbios_family_arm_m3_TaskSupport_stackAlignment__C)
                  00011de8    00000004     uartlogging_pem3.oem3 (.const:ti_sysbios_gates_GateMutex_A_badContext__C)
                  00011dec    00000004     uartlogging_pem3.oem3 (.const:ti_sysbios_gates_GateMutex_Instance_State_sem__O)
                  00011df0    00000004     uartlogging_pem3.oem3 (.const:ti_sysbios_gates_GateMutex_Module__diagsEnabled__C)
                  00011df4    00000004     uartlogging_pem3.oem3 (.const:ti_sysbios_gates_GateMutex_Module__diagsIncluded__C)
                  00011df8    00000004     uartlogging_pem3.oem3 (.const:ti_sysbios_gates_GateMutex_Module__diagsMask__C)
                  00011dfc    00000004     uartlogging_pem3.oem3 (.const:ti_sysbios_hal_Hwi_E_stackOverflow__C)
                  00011e00    00000004     uartlogging_pem3.oem3 (.const:ti_sysbios_heaps_HeapMem_A_align__C)
                  00011e04    00000004     uartlogging_pem3.oem3 (.const:ti_sysbios_heaps_HeapMem_A_heapSize__C)
                  00011e08    00000004     uartlogging_pem3.oem3 (.const:ti_sysbios_heaps_HeapMem_A_invalidFree__C)
                  00011e0c    00000004     uartlogging_pem3.oem3 (.const:ti_sysbios_heaps_HeapMem_A_zeroBlock__C)
                  00011e10    00000004     uartlogging_pem3.oem3 (.const:ti_sysbios_heaps_HeapMem_E_memory__C)
                  00011e14    00000004     uartlogging_pem3.oem3 (.const:ti_sysbios_heaps_HeapMem_Module__diagsEnabled__C)
                  00011e18    00000004     uartlogging_pem3.oem3 (.const:ti_sysbios_heaps_HeapMem_Module__diagsIncluded__C)
                  00011e1c    00000004     uartlogging_pem3.oem3 (.const:ti_sysbios_heaps_HeapMem_Module__diagsMask__C)
                  00011e20    00000004     uartlogging_pem3.oem3 (.const:ti_sysbios_heaps_HeapMem_Module__gateObj__C)
                  00011e24    00000004     uartlogging_pem3.oem3 (.const:ti_sysbios_heaps_HeapMem_Object__count__C)
                  00011e28    00000004     uartlogging_pem3.oem3 (.const:ti_sysbios_heaps_HeapMem_primaryHeapBaseAddr__C)
                  00011e2c    00000004     uartlogging_pem3.oem3 (.const:ti_sysbios_heaps_HeapMem_primaryHeapEndAddr__C)
                  00011e30    00000004     uartlogging_pem3.oem3 (.const:ti_sysbios_heaps_HeapMem_reqAlign__C)
                  00011e34    00000004     uartlogging_pem3.oem3 (.const:ti_sysbios_knl_Clock_A_badThreadType__C)
                  00011e38    00000004     uartlogging_pem3.oem3 (.const:ti_sysbios_knl_Clock_LM_begin__C)
                  00011e3c    00000004     uartlogging_pem3.oem3 (.const:ti_sysbios_knl_Clock_LM_tick__C)
                  00011e40    00000004     uartlogging_pem3.oem3 (.const:ti_sysbios_knl_Clock_Module_State_clockQ__O)
                  00011e44    00000004     uartlogging_pem3.oem3 (.const:ti_sysbios_knl_Clock_Module__diagsEnabled__C)
                  00011e48    00000004     uartlogging_pem3.oem3 (.const:ti_sysbios_knl_Clock_Module__diagsIncluded__C)
                  00011e4c    00000004     uartlogging_pem3.oem3 (.const:ti_sysbios_knl_Clock_Module__diagsMask__C)
                  00011e50    00000004     uartlogging_pem3.oem3 (.const:ti_sysbios_knl_Clock_Module__loggerFxn1__C)
                  00011e54    00000004     uartlogging_pem3.oem3 (.const:ti_sysbios_knl_Clock_Module__loggerFxn2__C)
                  00011e58    00000004     uartlogging_pem3.oem3 (.const:ti_sysbios_knl_Clock_Module__loggerObj__C)
                  00011e5c    00000004     uartlogging_pem3.oem3 (.const:ti_sysbios_knl_Clock_tickPeriod__C)
                  00011e60    00000004     uartlogging_pem3.oem3 (.const:ti_sysbios_knl_Clock_triggerClock__C)
                  00011e64    00000004     uartlogging_pem3.oem3 (.const:ti_sysbios_knl_Semaphore_A_badContext__C)
                  00011e68    00000004     uartlogging_pem3.oem3 (.const:ti_sysbios_knl_Semaphore_A_noEvents__C)
                  00011e6c    00000004     uartlogging_pem3.oem3 (.const:ti_sysbios_knl_Semaphore_A_overflow__C)
                  00011e70    00000004     uartlogging_pem3.oem3 (.const:ti_sysbios_knl_Semaphore_A_pendTaskDisabled__C)
                  00011e74    00000004     uartlogging_pem3.oem3 (.const:ti_sysbios_knl_Semaphore_Instance_State_pendQ__O)
                  00011e78    00000004     uartlogging_pem3.oem3 (.const:ti_sysbios_knl_Semaphore_LM_pend__C)
                  00011e7c    00000004     uartlogging_pem3.oem3 (.const:ti_sysbios_knl_Semaphore_LM_post__C)
                  00011e80    00000004     uartlogging_pem3.oem3 (.const:ti_sysbios_knl_Semaphore_Module__diagsEnabled__C)
                  00011e84    00000004     uartlogging_pem3.oem3 (.const:ti_sysbios_knl_Semaphore_Module__diagsIncluded__C)
                  00011e88    00000004     uartlogging_pem3.oem3 (.const:ti_sysbios_knl_Semaphore_Module__diagsMask__C)
                  00011e8c    00000004     uartlogging_pem3.oem3 (.const:ti_sysbios_knl_Semaphore_Module__loggerFxn2__C)
                  00011e90    00000004     uartlogging_pem3.oem3 (.const:ti_sysbios_knl_Semaphore_Module__loggerFxn4__C)
                  00011e94    00000004     uartlogging_pem3.oem3 (.const:ti_sysbios_knl_Semaphore_Module__loggerObj__C)
                  00011e98    00000004     uartlogging_pem3.oem3 (.const:ti_sysbios_knl_Swi_A_badPriority__C)
                  00011e9c    00000004     uartlogging_pem3.oem3 (.const:ti_sysbios_knl_Swi_LD_end__C)
                  00011ea0    00000004     uartlogging_pem3.oem3 (.const:ti_sysbios_knl_Swi_LM_begin__C)
                  00011ea4    00000004     uartlogging_pem3.oem3 (.const:ti_sysbios_knl_Swi_LM_post__C)
                  00011ea8    00000004     uartlogging_pem3.oem3 (.const:ti_sysbios_knl_Swi_Module__diagsEnabled__C)
                  00011eac    00000004     uartlogging_pem3.oem3 (.const:ti_sysbios_knl_Swi_Module__diagsIncluded__C)
                  00011eb0    00000004     uartlogging_pem3.oem3 (.const:ti_sysbios_knl_Swi_Module__diagsMask__C)
                  00011eb4    00000004     uartlogging_pem3.oem3 (.const:ti_sysbios_knl_Swi_Module__loggerFxn1__C)
                  00011eb8    00000004     uartlogging_pem3.oem3 (.const:ti_sysbios_knl_Swi_Module__loggerFxn4__C)
                  00011ebc    00000004     uartlogging_pem3.oem3 (.const:ti_sysbios_knl_Swi_Module__loggerObj__C)
                  00011ec0    00000004     uartlogging_pem3.oem3 (.const:ti_sysbios_knl_Swi_Object__count__C)
                  00011ec4    00000004     uartlogging_pem3.oem3 (.const:ti_sysbios_knl_Task_A_badPriority__C)
                  00011ec8    00000004     uartlogging_pem3.oem3 (.const:ti_sysbios_knl_Task_A_badTaskState__C)
[...]
00011e48  ti_sysbios_knl_Clock_Module__diagsIncluded__C                          
00011e4c  ti_sysbios_knl_Clock_Module__diagsMask__C                              
00011e50  ti_sysbios_knl_Clock_Module__loggerFxn1__C                             
00011e54  ti_sysbios_knl_Clock_Module__loggerFxn2__C                             
00011e58  ti_sysbios_knl_Clock_Module__loggerObj__C                              
00011e5c  ti_sysbios_knl_Clock_tickPeriod__C                                     
00011e60  ti_sysbios_knl_Clock_triggerClock__C                                   
00011e64  ti_sysbios_knl_Semaphore_A_badContext__C                               
00011e68  ti_sysbios_knl_Semaphore_A_noEvents__C                                 
00011e6c  ti_sysbios_knl_Semaphore_A_overflow__C                                 
00011e70  ti_sysbios_knl_Semaphore_A_pendTaskDisabled__C                         
00011e74  ti_sysbios_knl_Semaphore_Instance_State_pendQ__O                       
00011e78  ti_sysbios_knl_Semaphore_LM_pend__C                                    
00011e7c  ti_sysbios_knl_Semaphore_LM_post__C                                    
00011e80  ti_sysbios_knl_Semaphore_Module__diagsEnabled__C                       
00011e84  ti_sysbios_knl_Semaphore_Module__diagsIncluded__C                      
00011e88  ti_sysbios_knl_Semaphore_Module__diagsMask__C                          
00011e8c  ti_sysbios_knl_Semaphore_Module__loggerFxn2__C                         
00011e90  ti_sysbios_knl_Semaphore_Module__loggerFxn4__C                         
00011e94  ti_sysbios_knl_Semaphore_Module__loggerObj__C                          
00011e98  ti_sysbios_knl_Swi_A_badPriority__C                                    
00011e9c  ti_sysbios_knl_Swi_LD_end__C                                           
00011ea0  ti_sysbios_knl_Swi_LM_begin__C                                         
00011ea4  ti_sysbios_knl_Swi_LM_post__C                                          
00011ea8  ti_sysbios_knl_Swi_Module__diagsEnabled__C                             
00011eac  ti_sysbios_knl_Swi_Module__diagsIncluded__C                            
00011eb0  ti_sysbios_knl_Swi_Module__diagsMask__C                                
00011eb4  ti_sysbios_knl_Swi_Module__loggerFxn1__C                               
00011eb8  ti_sysbios_knl_Swi_Module__loggerFxn4__C                               
00011ebc  ti_sysbios_knl_Swi_Module__loggerObj__C                                
00011ec0  ti_sysbios_knl_Swi_Object__count__C                                    
00011ec4  ti_sysbios_knl_Task_A_badPriority__C                                   
00011ec8  ti_sysbios_knl_Task_A_badTaskState__C                                  
00011ecc  ti_sysbios_knl_Task_A_badThreadType__C                                 
00011ed0  ti_sysbios_knl_Task_A_badTimeout__C                                    
00011ed4  ti_sysbios_knl_Task_A_noPendElem__C                                    
00011ed8  ti_sysbios_knl_Task_A_sleepTaskDisabled__C                             
00011edc  ti_sysbios_knl_Task_E_spOutOfBounds__C                                 
00011ee0  ti_sysbios_knl_Task_E_stackOverflow__C                                 
00011ee4  ti_sysbios_knl_Task_LD_block__C                                        
00011ee8  ti_sysbios_knl_Task_LD_exit__C                                         
00011eec  ti_sysbios_knl_Task_LD_ready__C                                        
00011ef0  ti_sysbios_knl_Task_LM_sleep__C                                        
00011ef4  ti_sysbios_knl_Task_LM_switch__C                                       
00011ef8  ti_sysbios_knl_Task_Module_State_inactiveQ__O                          
00011efc  ti_sysbios_knl_Task_Module__diagsEnabled__C                            
00011f00  ti_sysbios_knl_Task_Module__diagsIncluded__C                           
00011f04  ti_sysbios_knl_Task_Module__diagsMask__C                               
00011f08  ti_sysbios_knl_Task_Module__loggerFxn2__C                              
00011f0c  ti_sysbios_knl_Task_Module__loggerFxn4__C                              
00011f10  ti_sysbios_knl_Task_Module__loggerObj__C                               
00011f14  ti_sysbios_knl_Task_Object__count__C                                   
00011f18  ti_sysbios_knl_Task_allBlockedFunc__C                                  
00011f1c  ti_sysbios_knl_Task_defaultStackHeap__C                                
00011f20  ti_sysbios_knl_Task_defaultStackSize__C                                
00011f24  ti_sysbios_knl_Task_numConstructedTasks__C                             
00011f28  xdc_runtime_Assert_E_assertFailed__C                                   
00011f2c  xdc_runtime_Core_A_initializedParams__C                                
00011f30  xdc_runtime_Core_Module__diagsEnabled__C                               
00011f34  xdc_runtime_Core_Module__diagsIncluded__C                              
00011f38  xdc_runtime_Core_Module__diagsMask__C                                  
00011f3c  xdc_runtime_Error_E_memory__C                                          
00011f40  xdc_runtime_Error_Module__diagsEnabled__C                              
00011f44  xdc_runtime_Error_Module__diagsIncluded__C                             
00011f48  xdc_runtime_Error_Module__diagsMask__C                                 
00011f4c  xdc_runtime_Error_Module__loggerFxn8__C                                
00011f50  xdc_runtime_Error_Module__loggerObj__C                                 
00011f54  xdc_runtime_Error_policyFxn__C                                         
00011f58  xdc_runtime_Error_raiseHook__C                                         
00011f5c  xdc_runtime_IGateProvider_Interface__BASE__C                           
00011f60  xdc_runtime_IHeap_Interface__BASE__C                                   
00011f64  xdc_runtime_ILogger_Interface__BASE__C                                 
00011f68  xdc_runtime_IModule_Interface__BASE__C                                 
00011f6c  xdc_runtime_Log_L_error__C                                             
00011f70  xdc_runtime_Memory_defaultHeapInstance__C                              
00011f74  xdc_runtime_Startup_execImpl__C                                        
00011f78  xdc_runtime_Startup_maxPasses__C                                       
00011f7c  xdc_runtime_Startup_sfxnRts__C                                         
00011f80  xdc_runtime_Startup_sfxnTab__C                                         
00011f84  xdc_runtime_SysMin_bufSize__C                                          
00011f88  xdc_runtime_SysMin_outputFunc__C                                       
00011f8c  xdc_runtime_System_Module__gateObj__C                                  
00011f90  xdc_runtime_System_abortFxn__C                                         
00011f94  xdc_runtime_System_exitFxn__C                                          
00011f98  xdc_runtime_System_extendFxn__C                                        
00011f9c  xdc_runtime_System_maxAtexitHandlers__C                                
00011fa0  xdc_runtime_Text_charTab__C                                            
00011fa4  xdc_runtime_Text_nameEmpty__C                                          
00011fa8  xdc_runtime_Text_nameStatic__C                                         
00011fac  xdc_runtime_Text_nameUnknown__C                                        
00011fb0  xdc_runtime_Text_nodeTab__C                                            
00011fb4  xdc_runtime_Text_visitRopeFxn__C                                       
00011fb8  ti_sysbios_family_arm_m3_Hwi_Module__id__C                             
00011fba  ti_sysbios_family_arm_m3_Hwi_Module__loggerDefined__C                  
00011fbc  ti_sysbios_gates_GateMutex_Module__id__C                               
00011fbe  ti_sysbios_hal_Hwi_Module__id__C                                       
00011fc0  ti_sysbios_heaps_HeapMem_Module__id__C                                 
00011fc2  ti_sysbios_knl_Clock_Module__id__C                                     
00011fc4  ti_sysbios_knl_Clock_Module__loggerDefined__C                          
00011fc6  ti_sysbios_knl_Semaphore_Module__id__C                                 
00011fc8  ti_sysbios_knl_Semaphore_Module__loggerDefined__C                      
00011fca  ti_sysbios_knl_Swi_Module__id__C                                       
00011fcc  ti_sysbios_knl_Swi_Module__loggerDefined__C                            
00011fce  ti_sysbios_knl_Task_Module__id__C                                      
00011fd0  ti_sysbios_knl_Task_Module__loggerDefined__C                           
00011fd2  xdc_runtime_Core_Module__id__C                                         
00011fd4  xdc_runtime_Error_Module__loggerDefined__C                             
00011fd6  xdc_runtime_Error_maxDepth__C                                          
00011fd8  xdc_runtime_Memory_Module__id__C                                       
00011fda  xdc_runtime_SysMin_flushAtExit__C                                      
00011fdc  xdc_runtime_Text_charCnt__C                                            
00011fde  xdc_runtime_Text_isLoaded__C                                           
00011fe0  xdc_runtime_Text_registryModsLastId__C                                 
00011fe2  xdc_runtime_Text_unnamedModsLastId__C                                  
00011fe4  xdc_runtime_Error_policy__C                                            
00011fe8  __TI_static_base__                                                     
00012398  __TI_Handler_Table_Base                                                
000123a4  __TI_Handler_Table_Limit                                               
000123b0  __TI_CINIT_Base                                                        
000123c0  __TI_CINIT_Limit                                                       
0001ffa8  __ccfg                                                                 
20000000  ti_sysbios_family_arm_m3_Hwi_ramVectors                                
200000c8  ti_sysbios_knl_Task_Instance_State_0_stack__A                          
200008c8  ti_uia_sysbios_LoggerIdle_Module_State_0_idleBuffer__A                 
200018c8  __CIOBUF_                                                              
200019e8  PIN_NumPins                                                            
20001a7c  PIN_HandleTable                                                        
20001af8  i2cCC26xxObjects                                                       
20001bd8  adcCC26xxObjects                                                       
20001cb4  adc                                                                    
20001d80  ti_sysbios_family_arm_m3_Hwi_dispatchTable                             
20001f6c  xdc_runtime_SysMin_Module_State_0_outbuf__A                            
20001fec  ti_uia_sysbios_LoggerIdle_Module_State_0_tempBuffer__A                 
200020d0  node                                                                   
2000211c  i2cParams                                                              
20002150  ezlnkSem                                                               
20002154  i2c                                                                    
20002158  nodeSem                                                                
2000215c  pingConfSem                                                            
20002160  pingParentTask                                                         
20002164  rxTask                                                                 
2000216a  driverlib_release_0_48412                                              
2000216b  pingConfReceived                                                       
20002170  __primary_heap_start__                                                 
20003170  __primary_heap_end__                                                   
20003440  PowerCC26XX_module                                                     
20003554  ti_sysbios_knl_Swi_Module_State_0_readyQ__A                            
200035d4  ti_sysbios_knl_Task_Module_State_0_readyQ__A                           
20003654  pOverrides_hsm                                                         
200036b4  pOverrides_lrm                                                         
20003710  pOverrides_ook                                                         
200037c4  pOverrides_fsk                                                         
20003868  ti_sysbios_knl_Task_Object__table__V                                   
200038b8  ti_sysbios_family_arm_cc26xx_Timer_Object__table__V                    
20003900  ti_sysbios_knl_Task_Module__state__V                                   
20003944  RF_pProp_fsk                                                           
20003948  RF_pProp_lrm                                                           
2000394c  RF_pProp_ook                                                           
20003950  RF_pProp_hsm                                                           
20003954  RF_pProp_2_4G_fsk                                                      
20003958  RF_pCmdPropRadioDivSetup_fsk                                           
2000395c  RF_pCmdPropRadioDivSetup_lrm                                           
20003960  RF_pCmdPropRadioDivSetup_ook                                           
20003964  RF_pCmdRadioSetup_hsm                                                  
20003968  RF_pCmdPropRadioSetup_2_4G_fsk                                         
2000396c  RF_pCmdTxHS                                                            
20003970  RF_pCmdRxHS                                                            
20003974  RF_pCmdFs_preDef                                                       
20003978  RF_pCmdPropTx_preDef                                                   
2000397c  RF_pCmdPropRxAdv_preDef                                                
20003980  ti_sysbios_gates_GateMutex_Object__table__V                            
200039b8  ti_sysbios_family_arm_m3_Hwi_Module__state__V                          
200039ec  RF_cmdPropRxAdv_preDef                                                 
20003a1c  ti_sysbios_knl_Swi_Object__table__V                                    
20003a4c  ti_sysbios_knl_Clock_Module__state__V                                  
20003a78  RF_cmdPropRadioDivSetup                                                
20003aa0  RF_cmdPropRadioDivSetup_fsk                                            
20003ac8  RF_cmdPropRadioDivSetup_lrm                                            
20003af0  RF_cmdPropRadioDivSetup_ook                                            
20003b18  ti_uia_sysbios_LoggerIdle_Module__state__V                             
20003b40  RF_cmdRxHS                                                             
20003b64  ti_sysbios_BIOS_Module__state__V                                       
20003ba8  ti_sysbios_knl_Clock_Object__table__V                                  
20003bc8  xdc_runtime_Error_IgnoreBlock                                          
20003be8  ti_sysbios_knl_Swi_Module__state__V                                    
20003c04  RF_cmdFs                                                               
20003c1c  RF_cmdFs_preDef                                                        
20003c34  RF_cmdPropTx                                                           
20003c4c  RF_cmdPropTx_preDef                                                    
20003c64  RF_cmdRadioSetup_hsm                                                   
20003c94  shapeovr                                                               
20003cac  ti_sysbios_family_arm_m3_Hwi_Object__table__V                          
20003cc4  ti_sysbios_heaps_HeapMem_Object__table__V                              
20003cdc  RF_cmdTxHS                                                             
20003cf0  RF_prop                                                                
20003d00  RF_prop_fsk                                                            
20003d10  RF_prop_hsm                                                            
20003d20  RF_prop_lrm                                                            
20003d30  RF_prop_ook                                                            
20003d40  gpioPinConfigs                                                         
20003d5e  ti_sysbios_family_arm_m3_Hwi_Module_State_0_excActive__A               
20003d60  __TI_cleanup_ptr                                                       
20003d64  __TI_dtors_ptr                                                         
20003d68  __TI_enable_exit_profile_output                                        
20003d6c  ti_sysbios_knl_Task_Module__root__V                                    
20003d78  xdc_runtime_SysMin_Module__state__V                                    
20003d84  _lock                                                                  
20003d88  _unlock                                                                
20003d94  gpioCallbackFunctions                                                  
20003da4  ti_sysbios_family_arm_cc26xx_Timer_Module__state__V                    
20003dac  ti_sysbios_family_arm_m3_Hwi_Module__root__V                           
20003db4  ti_sysbios_gates_GateHwi_Module__root__V                               
20003dbc  ti_sysbios_gates_GateMutex_Module__root__V                             
20003dc4  ti_sysbios_heaps_HeapMem_Module__root__V                               
20003dcc  ti_sysbios_knl_Clock_Module__root__V                                   
20003dd4  ti_sysbios_knl_Queue_Module__root__V                                   
20003ddc  ti_sysbios_knl_Semaphore_Module__root__V                               
20003de4  ti_sysbios_knl_Swi_Module__root__V                                     
20003dec  ti_uia_sysbios_LoggerIdle_Module__root__V                              
20003df4  xdc_runtime_Registry_Module__state__V                                  
20003dfc  xdc_runtime_Startup_Module__state__V                                   
20003e04  xdc_runtime_System_Module_State_0_atexitHandlers__A                    
20003e0c  xdc_runtime_System_Module__state__V                                    
20003e14  main_func_sp                                                           
20003e18  ti_sysbios_family_arm_cc26xx_TimestampProvider_Module__state__V        
20003e1c  ti_sysbios_family_arm_m3_Hwi_Module_State_0_excContext__A              
20003e20  ti_sysbios_family_arm_m3_Hwi_Module_State_0_excStack__A                
20003e24  ti_sysbios_gates_GateHwi_Object__table__V                              
20003e28  ti_sysbios_knl_Task_Module_State_0_idleTask__A                         
20003e2c  ti_uia_sysbios_LoggerIdle_Object__table__V                             
20003e30  xdc_runtime_Memory_Module__state__V                                    
20003e34  xdc_runtime_Error_Module__state__V                                     
20004c00  __stack                                                                
20005000  __STACK_END                                                            
e000e000  ti_sysbios_family_arm_m3_Hwi_nvic                                      
ffffffff  __TI_pprof_out_hndl                                                    
ffffffff  __TI_prof_data_size                                                    
ffffffff  __TI_prof_data_start                                                   
ffffffff  __binit__                                                              
ffffffff  __c_args__                                                             
ffffffff  binit                                                                  
UNDEFED   SHT$$INIT_ARRAY$$Base                                                  
UNDEFED   SHT$$INIT_ARRAY$$Limit                                                 

[903 symbols]
